Component: ARM Compiler 5.06 update 5 (build 528) Tool: armlink [4d35e2]

==============================================================================

Section Cross References

    telnet_server.o(.text) refers to adc_mcbstm32c.o(.text) for ADC_StartConversion
    telnet_server.o(.text) refers to rt_cmsis.o(i.osSignalWait) for osSignalWait
    telnet_server.o(.text) refers to sntp.o(.text) for send_udp_data
    telnet_server.o(.text) refers to rtc.o(.text) for epoch2time
    telnet_server.o(.text) refers to printf8.o(i.__0sprintf$8) for __2sprintf
    telnet_server.o(.text) refers to rt_cmsis.o(i.osMutexWait) for osMutexWait
    telnet_server.o(.text) refers to glcd_mcbstm32c.o(.text) for GLCD_DrawString
    telnet_server.o(.text) refers to rt_cmsis.o(i.osMutexRelease) for osMutexRelease
    telnet_server.o(.text) refers to net_sys.o(i.netIF_GetOption) for netIF_GetOption
    telnet_server.o(.text) refers to net_addr.o(i.netIP_ntoa) for netIP_ntoa
    telnet_server.o(.text) refers to led_mcbstm32c.o(.text) for LED_SetOut
    telnet_server.o(.text) refers to rt_cmsis.o(i.osDelay) for osDelay
    telnet_server.o(.text) refers to net_sys.o(i.netInitialize) for netInitialize
    telnet_server.o(.text) refers to timer.o(.text) for timer_init
    telnet_server.o(.text) refers to net_udp.o(i.netUDP_GetSocket) for netUDP_GetSocket
    telnet_server.o(.text) refers to net_udp.o(i.netUDP_Open) for netUDP_Open
    telnet_server.o(.text) refers to rt_cmsis.o(i.osThreadCreate) for osThreadCreate
    telnet_server.o(.text) refers to rt_cmsis.o(i.osMutexCreate) for osMutexCreate
    telnet_server.o(.text) refers to sntp.o(.bss) for InternetTime
    telnet_server.o(.text) refers to telnet_server_uif.o(.bss) for t
    telnet_server.o(.text) refers to telnet_server.o(.data) for .data
    telnet_server.o(.text) refers to telnet_server.o(.bss) for .bss
    telnet_server.o(.text) refers to sntp.o(.data) for udp_sock
    telnet_server.o(.text) refers to glcd_fonts.o(.constdata) for GLCD_Font_16x24
    telnet_server.o(.text) refers to telnet_server.o(.constdata) for .constdata
    telnet_server.o(.constdata) refers to telnet_server.o(.bss) for os_mutex_cb_uart_mutex
    telnet_server.o(.constdata) refers to telnet_server.o(.text) for BlinkLed
    telnet_server_uif.o(.text) refers to _scanf_int.o(.text) for _scanf_int
    telnet_server_uif.o(.text) refers to printf8.o(i.__0sprintf$8) for __2sprintf
    telnet_server_uif.o(.text) refers to strlen.o(.text) for strlen
    telnet_server_uif.o(.text) refers to net_telnet_server.o(i.netTELNETs_CheckCommand) for netTELNETs_CheckCommand
    telnet_server_uif.o(.text) refers to __0sscanf.o(.text) for __0sscanf
    telnet_server_uif.o(.text) refers to led_mcbstm32c.o(.text) for LED_SetOut
    telnet_server_uif.o(.text) refers to telnet_server.o(.text) for AD_in
    telnet_server_uif.o(.text) refers to net_tcp.o(i.netTCP_GetState) for netTCP_GetState
    telnet_server_uif.o(.text) refers to net_tcp.o(i.net_tcp_ntoa) for net_tcp_ntoa
    telnet_server_uif.o(.text) refers to net_tcp.o(i.netTCP_GetPeer) for netTCP_GetPeer
    telnet_server_uif.o(.text) refers to net_addr.o(i.netIP_ntoa) for netIP_ntoa
    telnet_server_uif.o(.text) refers to net_tcp.o(i.netTCP_GetTimer) for netTCP_GetTimer
    telnet_server_uif.o(.text) refers to net_tcp.o(i.netTCP_GetLocalPort) for netTCP_GetLocalPort
    telnet_server_uif.o(.text) refers to net_telnet_server.o(i.netTELNETs_RepeatCommand) for netTELNETs_RepeatCommand
    telnet_server_uif.o(.text) refers to net_telnet_server.o(i.netTELNETs_LoginActive) for netTELNETs_LoginActive
    telnet_server_uif.o(.text) refers to net_telnet_server.o(i.netTELNETs_SetPassword) for netTELNETs_SetPassword
    telnet_server_uif.o(.text) refers to net_telnet_server.o(i.netTELNETs_GetPassword) for netTELNETs_GetPassword
    telnet_server_uif.o(.text) refers to net_telnet_server.o(i.netTELNETs_GetClient) for netTELNETs_GetClient
    telnet_server_uif.o(.text) refers to memmovea.o(.text) for __aeabi_memcpy
    telnet_server_uif.o(.text) refers to rt_cmsis.o(i.osSignalSet) for osSignalSet
    telnet_server_uif.o(.text) refers to telnet_server.o(.data) for LEDrun
    telnet_server_uif.o(.text) refers to telnet_server_uif.o(.constdata) for .constdata
    telnet_server_uif.o(.text) refers to telnet_server_uif.o(.data) for .data
    telnet_server_uif.o(.text) refers to telnet_server_uif.o(.bss) for .bss
    telnet_server_uif.o(.text) refers to rtc.o(.text) for time2epoch
    telnet_server_uif.o(.text) refers to backlight.o(.text) for tim3init
    telnet_server_uif.o(.text) refers to sntp.o(.text) for send_udp_data
    rtc.o(.text) refers to printf8.o(i.__0printf$8) for __2printf
    rtc.o(.text) refers to rtc.o(.constdata) for .constdata
    rtc.o(.text) refers to rtc.o(.conststring) for .conststring
    rtc.o(.constdata) refers to rtc.o(.conststring) for .conststring
    backlight.o(.text) refers to memmovea.o(.text) for __aeabi_memcpy4
[...]
    net_arp_init                             0x0800662d   Thumb Code    46  net_arp.o(i.net_arp_init)
    net_arp_notify                           0x08006665   Thumb Code    34  net_arp.o(i.net_arp_notify)
    net_arp_process                          0x08006695   Thumb Code   314  net_arp.o(i.net_arp_process)
    net_arp_run                              0x080067dd   Thumb Code   234  net_arp.o(i.net_arp_run)
    net_crc32_buf                            0x080068d9   Thumb Code    24  net_common.o(i.net_crc32_buf)
    net_dhcp6_client_init                    0x080068f1   Thumb Code    68  net_dhcp6_client.o(i.net_dhcp6_client_init)
    net_dhcp6_client_run                     0x08006945   Thumb Code   494  net_dhcp6_client.o(i.net_dhcp6_client_run)
    net_eth_get_option                       0x08006b49   Thumb Code   188  net_eth.o(i.net_eth_get_option)
    net_eth_iface_init                       0x08006c11   Thumb Code   518  net_eth.o(i.net_eth_iface_init)
    net_eth_iface_run                        0x08006e31   Thumb Code   386  net_eth.o(i.net_eth_iface_run)
    net_eth_is_my_addr                       0x08006fc5   Thumb Code    28  net_eth.o(i.net_eth_is_my_addr)
    net_eth_output                           0x08006fe5   Thumb Code    54  net_eth.o(i.net_eth_output)
    net_eth_send_frame                       0x08007021   Thumb Code   204  net_eth.o(i.net_eth_send_frame)
    net_eth_update_filter                    0x080070fd   Thumb Code   246  net_eth.o(i.net_eth_update_filter)
    net_icmp6_process                        0x08007205   Thumb Code   290  net_icmp6.o(i.net_icmp6_process)
    net_icmp6_send                           0x08007335   Thumb Code    92  net_icmp6.o(i.net_icmp6_send)
    net_icmp6_send_echo                      0x08007391   Thumb Code    72  net_icmp6.o(i.net_icmp6_send_echo)
    net_icmp_process                         0x080073e1   Thumb Code   228  net_icmp.o(i.net_icmp_process)
    net_icmp_send_echo                       0x080074d5   Thumb Code   118  net_icmp.o(i.net_icmp_send_echo)
    net_ip4_checksum                         0x08007555   Thumb Code    76  net_ip4.o(i.net_ip4_checksum)
    net_ip4_chk_frame                        0x080075a1   Thumb Code   198  net_ip4.o(i.net_ip4_chk_frame)
    net_ip4_chksum_buf                       0x08007675   Thumb Code    50  net_ip4.o(i.net_ip4_chksum_buf)
    net_ip4_get_local                        0x080076a9   Thumb Code    54  net_ip4.o(i.net_ip4_get_local)
    net_ip4_init                             0x080076ed   Thumb Code    60  net_ip4.o(i.net_ip4_init)
    net_ip4_is_subcast                       0x08007731   Thumb Code    38  net_ip4.o(i.net_ip4_is_subcast)
    net_ip4_reass_frame                      0x0800775d   Thumb Code    16  net_ip4.o(i.net_ip4_reass_frame)
    net_ip4_send_frame                       0x0800776d   Thumb Code   312  net_ip4.o(i.net_ip4_send_frame)
    net_ip4_tx_offload                       0x080078ad   Thumb Code    74  net_ip4.o(i.net_ip4_tx_offload)
    net_ip6_checksum                         0x08007905   Thumb Code    82  net_ip6.o(i.net_ip6_checksum)
    net_ip6_chk_frame                        0x08007959   Thumb Code   150  net_ip6.o(i.net_ip6_chk_frame)
    net_ip6_get_local                        0x080079fd   Thumb Code    78  net_ip6.o(i.net_ip6_get_local)
    net_ip6_init                             0x08007a59   Thumb Code    42  net_ip6.o(i.net_ip6_init)
    net_ip6_send_frame                       0x08007a8d   Thumb Code   166  net_ip6.o(i.net_ip6_send_frame)
    net_ip6_tx_netif                         0x08007b41   Thumb Code     6  net_ip6.o(i.net_ip6_tx_netif)
    net_ip6_tx_offload                       0x08007b4d   Thumb Code    40  net_ip6.o(i.net_ip6_tx_offload)
    net_loop_iface_init                      0x08007b7d   Thumb Code    30  net_loop.o(i.net_loop_iface_init)
    net_loop_iface_run                       0x08007ba5   Thumb Code   138  net_loop.o(i.net_loop_iface_run)
    net_loop_send_frame                      0x08007c39   Thumb Code    66  net_loop.o(i.net_loop_send_frame)
    net_mem_alloc                            0x08007c81   Thumb Code   130  net_mem.o(i.net_mem_alloc)
    net_mem_avail                            0x08007d0d   Thumb Code    22  net_mem.o(i.net_mem_avail)
    net_mem_free                             0x08007d29   Thumb Code   100  net_mem.o(i.net_mem_free)
    net_mem_init                             0x08007d95   Thumb Code    88  net_mem.o(i.net_mem_init)
    net_mem_shrink                           0x08007df5   Thumb Code    50  net_mem.o(i.net_mem_shrink)
    net_nbns_client_init                     0x08007e2d   Thumb Code    36  net_nbns_client.o(i.net_nbns_client_init)
    net_ndp_cache_find                       0x08007e59   Thumb Code   136  net_ndp.o(i.net_ndp_cache_find)
    net_ndp_cache_refresh                    0x08007eed   Thumb Code    78  net_ndp.o(i.net_ndp_cache_refresh)
    net_ndp_init                             0x08007f41   Thumb Code    68  net_ndp.o(i.net_ndp_init)
    net_ndp_process                          0x08007f91   Thumb Code   540  net_ndp.o(i.net_ndp_process)
    net_ndp_run                              0x080081bd   Thumb Code   194  net_ndp.o(i.net_ndp_run)
    net_ping_client_init                     0x0800828d   Thumb Code    10  net_ping.o(i.net_ping_client_init)
    net_ping_client_run                      0x0800829d   Thumb Code    56  net_ping.o(i.net_ping_client_run)
    net_rand32                               0x080082dd   Thumb Code    18  net_sys.o(i.net_rand32)
    net_strcpy                               0x080082f9   Thumb Code    18  net_common.o(i.net_strcpy)
    net_strtoupper                           0x0800830b   Thumb Code    28  net_common.o(i.net_strtoupper)
    net_sys_lock                             0x08008329   Thumb Code     8  net_sys.o(i.net_sys_lock)
    net_sys_tick                             0x08008335   Thumb Code    16  net_sys.o(i.net_sys_tick)
    net_sys_unlock                           0x08008349   Thumb Code     8  net_sys.o(i.net_sys_unlock)
    net_sys_wakeup                           0x08008355   Thumb Code    24  net_sys.o(i.net_sys_wakeup)
    net_tcp_close                            0x08008375   Thumb Code   166  net_tcp.o(i.net_tcp_close)
    net_tcp_get_buf                          0x08008421   Thumb Code    30  net_tcp.o(i.net_tcp_get_buf)
    net_tcp_get_local_port                   0x08008441   Thumb Code    48  net_tcp.o(i.net_tcp_get_local_port)
    net_tcp_get_mss                          0x08008475   Thumb Code    34  net_tcp.o(i.net_tcp_get_mss)
    net_tcp_get_peer                         0x0800849d   Thumb Code    80  net_tcp.o(i.net_tcp_get_peer)
    net_tcp_get_socket                       0x080084f1   Thumb Code    70  net_tcp.o(i.net_tcp_get_socket)
    net_tcp_get_state                        0x0800853d   Thumb Code    40  net_tcp.o(i.net_tcp_get_state)
    net_tcp_get_timer                        0x08008569   Thumb Code    48  net_tcp.o(i.net_tcp_get_timer)
    net_tcp_listen                           0x0800859d   Thumb Code   120  net_tcp.o(i.net_tcp_listen)
    net_tcp_ntoa                             0x08008619   Thumb Code     8  net_tcp.o(i.net_tcp_ntoa)
    net_tcp_process                          0x08008625   Thumb Code  1294  net_tcp.o(i.net_tcp_process)
    net_tcp_send                             0x08008b35   Thumb Code   222  net_tcp.o(i.net_tcp_send)
    net_tcp_set_option                       0x08008c1d   Thumb Code   158  net_tcp.o(i.net_tcp_set_option)
    net_tcp_socket_init                      0x08008cc1   Thumb Code    14  net_tcp.o(i.net_tcp_socket_init)
    net_tcp_socket_run                       0x08008cd5   Thumb Code   748  net_tcp.o(i.net_tcp_socket_run)
    net_telnet_server_init                   0x08008fcd   Thumb Code   144  net_telnet_server.o(i.net_telnet_server_init)
    net_telnet_server_run                    0x0800906d   Thumb Code    14  net_telnet_server.o(i.net_telnet_server_run)
    net_udp_get_buf                          0x08009081   Thumb Code    30  net_udp.o(i.net_udp_get_buf)
    net_udp_get_socket                       0x080090a1   Thumb Code    70  net_udp.o(i.net_udp_get_socket)
    net_udp_open                             0x080090ed   Thumb Code    98  net_udp.o(i.net_udp_open)
    net_udp_process                          0x08009159   Thumb Code   214  net_udp.o(i.net_udp_process)
    net_udp_send                             0x0800923d   Thumb Code   372  net_udp.o(i.net_udp_send)
    net_udp_socket_init                      0x080093b5   Thumb Code    16  net_udp.o(i.net_udp_socket_init)
    osDelay                                  0x080093c9   Thumb Code    18  rt_cmsis.o(i.osDelay)
    osKernelInitialize                       0x080093e1   Thumb Code    30  rt_cmsis.o(i.osKernelInitialize)
    osKernelStart                            0x08009405   Thumb Code    98  rt_cmsis.o(i.osKernelStart)
    osMessageGet                             0x08009471   Thumb Code    18  rt_cmsis.o(i.osMessageGet)
    osMutexCreate                            0x08009489   Thumb Code    36  rt_cmsis.o(i.osMutexCreate)
    osMutexRelease                           0x080094b5   Thumb Code    18  rt_cmsis.o(i.osMutexRelease)
    osMutexWait                              0x080094cd   Thumb Code    18  rt_cmsis.o(i.osMutexWait)
    osSemaphoreCreate                        0x080094e5   Thumb Code    36  rt_cmsis.o(i.osSemaphoreCreate)
    osSemaphoreRelease                       0x08009511   Thumb Code    18  rt_cmsis.o(i.osSemaphoreRelease)
    osSemaphoreWait                          0x08009529   Thumb Code    20  rt_cmsis.o(i.osSemaphoreWait)
    osSignalClear                            0x08009541   Thumb Code    20  rt_cmsis.o(i.osSignalClear)
    osSignalSet                              0x08009559   Thumb Code    18  rt_cmsis.o(i.osSignalSet)
    osSignalWait                             0x08009571   Thumb Code    18  rt_cmsis.o(i.osSignalWait)
    osThreadCreate                           0x08009589   Thumb Code    36  rt_cmsis.o(i.osThreadCreate)
    osThreadExit                             0x080095b5   Thumb Code    14  rt_cmsis.o(i.osThreadExit)
    osThreadGetId                            0x080095cd   Thumb Code    18  rt_cmsis.o(i.osThreadGetId)
    osThreadYield                            0x080095e5   Thumb Code    18  rt_cmsis.o(i.osThreadYield)
    osTimerCall                              0x080095fd   Thumb Code     8  rt_cmsis.o(i.osTimerCall)
    osTimerCreate                            0x08009609   Thumb Code    36  rt_cmsis.o(i.osTimerCreate)
    osTimerStart                             0x08009635   Thumb Code    18  rt_cmsis.o(i.osTimerStart)
    osTimerThread                            0x0800964d   Thumb Code    38  rt_cmsis.o(i.osTimerThread)
    os_tick_init                             0x08009679   Thumb Code    32  rt_system.o(i.os_tick_init)
    os_tick_irqack                           0x080096a1   Thumb Code     2  rt_system.o(i.os_tick_irqack)
    rt_alloc_box                             0x08009809   Thumb Code    26  rt_membox.o(i.rt_alloc_box)
    rt_alloc_mem                             0x08009823   Thumb Code    62  rt_memory.o(i.rt_alloc_mem)
    rt_block                                 0x08009861   Thumb Code    48  rt_task.o(i.rt_block)
    rt_chk_robin                             0x08009899   Thumb Code    60  rt_robin.o(i.rt_chk_robin)
    rt_dec_dly                               0x080098e1   Thumb Code   102  rt_list.o(i.rt_dec_dly)
    rt_dispatch                              0x08009951   Thumb Code    60  rt_task.o(i.rt_dispatch)
    rt_dly_wait                              0x08009995   Thumb Code     6  rt_time.o(i.rt_dly_wait)
    rt_evt_clr                               0x0800999d   Thumb Code    22  rt_event.o(i.rt_evt_clr)
    rt_evt_psh                               0x080099b9   Thumb Code    76  rt_event.o(i.rt_evt_psh)
    rt_evt_set                               0x08009a09   Thumb Code    88  rt_event.o(i.rt_evt_set)
    rt_evt_wait                              0x08009a65   Thumb Code    56  rt_event.o(i.rt_evt_wait)
    rt_free_box                              0x08009aa1   Thumb Code    44  rt_membox.o(i.rt_free_box)
    rt_free_mem                              0x08009acd   Thumb Code    40  rt_memory.o(i.rt_free_mem)
    rt_get_first                             0x08009af5   Thumb Code    40  rt_list.o(i.rt_get_first)
    rt_get_same_rdy_prio                     0x08009b1d   Thumb Code    26  rt_list.o(i.rt_get_same_rdy_prio)
    rt_init_mem                              0x08009b91   Thumb Code    26  rt_memory.o(i.rt_init_mem)
    rt_init_robin                            0x08009bad   Thumb Code    14  rt_robin.o(i.rt_init_robin)
    rt_init_stack                            0x08009bc5   Thumb Code   118  hal_cm.o(i.rt_init_stack)
    rt_mbx_check                             0x08009c45   Thumb Code     8  rt_mailbox.o(i.rt_mbx_check)
    rt_mbx_init                              0x08009c4d   Thumb Code    26  rt_mailbox.o(i.rt_mbx_init)
    rt_mbx_psh                               0x08009c69   Thumb Code   236  rt_mailbox.o(i.rt_mbx_psh)
    rt_mbx_wait                              0x08009d59   Thumb Code   174  rt_mailbox.o(i.rt_mbx_wait)
    rt_mut_init                              0x08009e51   Thumb Code    16  rt_mutex.o(i.rt_mut_init)
    rt_mut_release                           0x08009e61   Thumb Code   208  rt_mutex.o(i.rt_mut_release)
    rt_mut_wait                              0x08009f39   Thumb Code   114  rt_mutex.o(i.rt_mut_wait)
    rt_pop_req                               0x08009fb1   Thumb Code   112  rt_system.o(i.rt_pop_req)
    rt_psh_req                               0x0800a02d   Thumb Code    22  rt_system.o(i.rt_psh_req)
    rt_psq_enq                               0x0800a04d   Thumb Code    88  rt_list.o(i.rt_psq_enq)
    rt_put_dly                               0x0800a0a9   Thumb Code    68  rt_list.o(i.rt_put_dly)
    rt_put_prio                              0x0800a0f1   Thumb Code    54  rt_list.o(i.rt_put_prio)
    rt_put_rdy_first                         0x0800a129   Thumb Code    14  rt_list.o(i.rt_put_rdy_first)
    rt_resort_prio                           0x0800a13d   Thumb Code    46  rt_list.o(i.rt_resort_prio)
    rt_ret_val                               0x0800a171   Thumb Code     6  hal_cm.o(i.rt_ret_val)
    rt_ret_val2                              0x0800a177   Thumb Code     8  hal_cm.o(i.rt_ret_val2)
    rt_rmv_dly                               0x0800a17f   Thumb Code    40  rt_list.o(i.rt_rmv_dly)
    rt_rmv_list                              0x0800a1a9   Thumb Code    44  rt_list.o(i.rt_rmv_list)
    rt_sem_init                              0x0800a1d9   Thumb Code    12  rt_semaphore.o(i.rt_sem_init)
    rt_sem_psh                               0x0800a1e5   Thumb Code    48  rt_semaphore.o(i.rt_sem_psh)
    rt_sem_send                              0x0800a219   Thumb Code    42  rt_semaphore.o(i.rt_sem_send)
    rt_sem_wait                              0x0800a245   Thumb Code    58  rt_semaphore.o(i.rt_sem_wait)
    rt_stk_check                             0x0800a285   Thumb Code    28  rt_system.o(i.rt_stk_check)
    rt_switch_req                            0x0800a2a9   Thumb Code    30  rt_task.o(i.rt_switch_req)
    rt_sys_init                              0x0800a2d1   Thumb Code   138  rt_task.o(i.rt_sys_init)
    rt_sys_start                             0x0800a39d   Thumb Code   110  rt_task.o(i.rt_sys_start)
    rt_systick                               0x0800a415   Thumb Code    50  rt_system.o(i.rt_systick)
    rt_tsk_create                            0x0800a4d9   Thumb Code   118  rt_task.o(i.rt_tsk_create)
    rt_tsk_delete                            0x0800a561   Thumb Code   352  rt_task.o(i.rt_tsk_delete)
    rt_tsk_pass                              0x0800a6dd   Thumb Code    38  rt_task.o(i.rt_tsk_pass)
    rt_tsk_prio                              0x0800a70d   Thumb Code   108  rt_task.o(i.rt_tsk_prio)
    rt_tsk_self                              0x0800a789   Thumb Code    12  rt_task.o(i.rt_tsk_self)
    svcDelay                                 0x0800a809   Thumb Code    18  rt_cmsis.o(i.svcDelay)
    svcKernelInitialize                      0x0800a81d   Thumb Code    80  rt_cmsis.o(i.svcKernelInitialize)
    svcKernelStart                           0x0800a88d   Thumb Code    62  rt_cmsis.o(i.svcKernelStart)
    svcMessageCreate                         0x0800a8d5   Thumb Code    36  rt_cmsis.o(i.svcMessageCreate)
    svcMessageGet                            0x0800a8f9   Thumb Code    58  rt_cmsis.o(i.svcMessageGet)
    svcMutexCreate                           0x0800a933   Thumb Code    28  rt_cmsis.o(i.svcMutexCreate)
    svcMutexRelease                          0x0800a94f   Thumb Code    34  rt_cmsis.o(i.svcMutexRelease)
    svcMutexWait                             0x0800a971   Thumb Code    58  rt_cmsis.o(i.svcMutexWait)
    svcSemaphoreCreate                       0x0800a9ab   Thumb Code    36  rt_cmsis.o(i.svcSemaphoreCreate)
    svcSemaphoreRelease                      0x0800a9cf   Thumb Code    40  rt_cmsis.o(i.svcSemaphoreRelease)
    svcSemaphoreWait                         0x0800a9f7   Thumb Code    50  rt_cmsis.o(i.svcSemaphoreWait)
    svcSignalClear                           0x0800aa29   Thumb Code    36  rt_cmsis.o(i.svcSignalClear)
    svcSignalSet                             0x0800aa4d   Thumb Code    36  rt_cmsis.o(i.svcSignalSet)
    svcSignalWait                            0x0800aa71   Thumb Code    80  rt_cmsis.o(i.svcSignalWait)
    svcThreadCreate                          0x0800aac5   Thumb Code    96  rt_cmsis.o(i.svcThreadCreate)
    svcThreadGetId                           0x0800ab31   Thumb Code    22  rt_cmsis.o(i.svcThreadGetId)
    svcThreadTerminate                       0x0800ab4d   Thumb Code    50  rt_cmsis.o(i.svcThreadTerminate)
    svcThreadYield                           0x0800ab85   Thumb Code    10  rt_cmsis.o(i.svcThreadYield)
    svcTimerCall                             0x0800ab8f   Thumb Code    24  rt_cmsis.o(i.svcTimerCall)
    svcTimerCreate                           0x0800aba9   Thumb Code    52  rt_cmsis.o(i.svcTimerCreate)
    svcTimerStart                            0x0800abe1   Thumb Code    96  rt_cmsis.o(i.svcTimerStart)
    sysTimerTick                             0x0800ac45   Thumb Code    84  rt_cmsis.o(i.sysTimerTick)
    os_mutex_def_uart_mutex                  0x0800bb48   Data           4  telnet_server.o(.constdata)
    os_thread_def_BlinkLed                   0x0800bb4c   Data          16  telnet_server.o(.constdata)
    os_thread_def_Display                    0x0800bb5c   Data          16  telnet_server.o(.constdata)
    os_thread_def_UpdateTimeDisplay          0x0800bb6c   Data          16  telnet_server.o(.constdata)
    daysmd                                   0x0800bf50   Data          12  rtc.o(.constdata)
    rtctxts                                  0x0800bf5c   Data          52  rtc.o(.constdata)
    GLCD_Font_16x24                          0x0800d4ec   Data          16  glcd_fonts.o(.constdata)
    Pin_LED                                  0x0800d4fc   Data          64  led_mcbstm32c.o(.constdata)
    os_maxtaskrun                            0x0800d53c   Data           2  rtx_conf_cm.o(.constdata)
    os_stackinfo                             0x0800d540   Data           4  rtx_conf_cm.o(.constdata)
    os_rrobin                                0x0800d544   Data           4  rtx_conf_cm.o(.constdata)
    os_trv                                   0x0800d548   Data           4  rtx_conf_cm.o(.constdata)
    os_flags                                 0x0800d54c   Data           1  rtx_conf_cm.o(.constdata)
    CMSIS_RTOS_API_Version                   0x0800d550   Data           4  rtx_conf_cm.o(.constdata)
    CMSIS_RTOS_RTX_Version                   0x0800d554   Data           4  rtx_conf_cm.o(.constdata)
    os_clockrate                             0x0800d558   Data           4  rtx_conf_cm.o(.constdata)
    os_timernum                              0x0800d55c   Data           4  rtx_conf_cm.o(.constdata)
    os_thread_def_main                       0x0800d560   Data          16  rtx_conf_cm.o(.constdata)
    mp_tcb_size                              0x0800d570   Data           2  rtx_conf_cm.o(.constdata)
    mp_stk_size                              0x0800d574   Data           4  rtx_conf_cm.o(.constdata)
    os_stack_sz                              0x0800d578   Data           4  rtx_conf_cm.o(.constdata)
    os_fifo_size                             0x0800d57c   Data           1  rtx_conf_cm.o(.constdata)
    os_thread_def_osTimerThread              0x0800d580   Data          16  rtx_conf_cm.o(.constdata)
    os_messageQ_def_osTimerMessageQ          0x0800d590   Data           8  rtx_conf_cm.o(.constdata)
    mp_tmr_size                              0x0800d598   Data           2  rtx_conf_cm.o(.constdata)
    Driver_ETH_PHY0                          0x0800d5a0   Data          32  phy_dp83848c.o(.constdata)
    Driver_ETH_MAC0                          0x0800d610   Data          68  emac_stm32f10x.o(.constdata)
    Driver_SPI3                              0x0800d6ac   Data          44  spi_stm32f10x.o(.constdata)
    os_mutex_def_net_lock                    0x0800d6d8   Data           4  net_config.o(.constdata)
    os_mutex_def_mem_lock                    0x0800d6dc   Data           4  net_config.o(.constdata)
    os_semaphore_def_eth0_lock               0x0800d6e0   Data           4  net_config.o(.constdata)
    os_timer_def_net_tick                    0x0800d6e4   Data           8  net_config.o(.constdata)
    os_thread_def_netCore_Thread             0x0800d6ec   Data          16  net_config.o(.constdata)
    os_thread_def_netETH_Thread              0x0800d6fc   Data          16  net_config.o(.constdata)
    net_sys_config                           0x0800d70c   Data          20  net_config.o(.constdata)
    net_eth0_config                          0x0800d77c   Data          24  net_config.o(.constdata)
    net_localm                               0x0800d794   Data          12  net_config.o(.constdata)
    net_localm6                              0x0800d7a0   Data          12  net_config.o(.constdata)
    net_udp_config                           0x0800d7ac   Data           8  net_config.o(.constdata)
    net_tcp_config                           0x0800d7b4   Data          20  net_config.o(.constdata)
    net_telnet_config                        0x0800d7c8   Data          28  net_config.o(.constdata)
    net_sys_func                             0x0800d7e4   Data          80  net_config.o(.constdata)
    net_mac_bcast                            0x0800d834   Data           6  net_eth.o(.constdata)
    net_addr6_all_dhcp_agents                0x0800d868   Data          16  net_dhcp6_client.o(.constdata)
    net_ping_payload                         0x0800d880   Data          18  net_ping.o(.constdata)
    net_addr_null                            0x0800d892   Data          16  net_addr.o(.constdata)
    net_addr4_bcast                          0x0800d8a2   Data           4  net_ip4.o(.constdata)
    net_addr4_loopback                       0x0800d8a6   Data           4  net_ip4.o(.constdata)
    net_addr6_all_nodes                      0x0800d8aa   Data          16  net_ip6.o(.constdata)
    net_addr6_loopback                       0x0800d8ba   Data          16  net_ip6.o(.constdata)
    net_addr6_all_routers                    0x0800d8ca   Data          16  net_ip6.o(.constdata)
    __ctype_categories                       0x0800d8da   Data          64  ctype_c.o(.constdata)
    Region$$Table$$Base                      0x0800dcd0   Number         0  anon$$obj.o(Region$$Table)
    Region$$Table$$Limit                     0x0800dcf0   Number         0  anon$$obj.o(Region$$Table)
    LEDrun                                   0x20000000   Data           1  telnet_server.o(.data)
    TID_Display                              0x20000004   Data           4  telnet_server.o(.data)
    TID_Led                                  0x20000008   Data           4  telnet_server.o(.data)
    TID_UpdateTimeDisplay                    0x2000000c   Data           4  telnet_server.o(.data)
    uart_mutex_id                            0x20000010   Data           4  telnet_server.o(.data)
    lcd_text                                 0x20000014   Data          42  telnet_server.o(.data)
    Light                                    0x20000040   Data           4  telnet_server_uif.o(.data)
    epoch                                    0x20000044   Data           4  telnet_server_uif.o(.data)
    udp_sock                                 0x20000048   Data           4  sntp.o(.data)
    sec                                      0x2000004c   Data           4  sntp.o(.data)
    m_tmr                                    0x20000060   Data           4  rtx_conf_cm.o(.data)
    osThreadId_osTimerThread                 0x20000064   Data           4  rtx_conf_cm.o(.data)
    osMessageQId_osTimerMessageQ             0x20000068   Data           4  rtx_conf_cm.o(.data)
    SystemCoreClock                          0x20000074   Data           4  system_stm32f10x.o(.data)
    AHBPrescTable                            0x20000078   Data          16  system_stm32f10x.o(.data)
    os_initialized                           0x20000098   Data           1  rt_cmsis.o(.data)
    os_running                               0x20000099   Data           1  rt_cmsis.o(.data)
    os_timer_head                            0x2000009c   Data           4  rt_cmsis.o(.data)
    os_tsk                                   0x200000c4   Data           8  rt_task.o(.data)
    os_tick_irqn                             0x200000d0   Data           4  rt_system.o(.data)
    os_time                                  0x200000d4   Data           4  rt_time.o(.data)
    dbg_msg                                  0x200000d8   Data           1  hal_cm.o(.data)
    os_robin                                 0x200000ec   Data           8  rt_robin.o(.data)
    __stdout                                 0x200000f4   Data           4  stdout.o(.data)
    os_mutex_cb_uart_mutex                   0x200000f8   Data          16  telnet_server.o(.bss)
    t                                        0x200001a8   Data          72  telnet_server_uif.o(.bss)
    InternetTime                             0x200001f0   Data          72  sntp.o(.bss)
    os_messageQ_q_osTimerMessageQ            0x20000238   Data          32  rtx_conf_cm.o(.bss)
    mp_tcb                                   0x20000258   Data         376  rtx_conf_cm.o(.bss)
    mp_stk                                   0x200003d0   Data        2064  rtx_conf_cm.o(.bss)
    os_stack_mem                             0x20000be0   Data        2584  rtx_conf_cm.o(.bss)
    os_fifo                                  0x200015f8   Data         132  rtx_conf_cm.o(.bss)
    os_active_TCB                            0x2000167c   Data          28  rtx_conf_cm.o(.bss)
    net_eth_control                          0x20007300   Data         148  net_eth.o(.bss)
    net_ping_control                         0x200073fc   Data          32  net_ping.o(.bss)
    net_sys_control                          0x2000742c   Data          36  net_sys.o(.bss)
    os_idle_TCB                              0x200074ac   Data          52  rt_task.o(.bss)
    os_rdy                                   0x200074e0   Data          24  rt_list.o(.bss)
    os_dly                                   0x200074f8   Data          24  rt_list.o(.bss)
    __initial_sp                             0x20007960   Data           0  startup_stm32f10x_cl.o(STACK)



==============================================================================

Memory Map of the image

  Image Entry point : 0x08000151

  Load Region LR_IROM1 (Base: 0x08000000, Size: 0x0000dde8, Max: 0x00040000, ABSOLUTE)

    Execution Region ER_IROM1 (Exec base: 0x08000000, Load base: 0x08000000, Size: 0x0000dcf0, Max: 0x00040000, ABSOLUTE)

    Exec Addr    Load Addr    Size         Type   Attr      Idx    E Section Name        Object

    0x08000000   0x08000000   0x00000150   Data   RO          563    RESET               startup_stm32f10x_cl.o
    0x08000150   0x08000150   0x00000000   Code   RO         2584  * .ARM.Collect$$$$00000000  mc_w.l(entry.o)
    0x08000150   0x08000150   0x00000004   Code   RO         2870    .ARM.Collect$$$$00000001  mc_w.l(entry2.o)
    0x08000154   0x08000154   0x00000004   Code   RO         2873    .ARM.Collect$$$$00000004  mc_w.l(entry5.o)
    0x08000158   0x08000158   0x00000000   Code   RO         2875    .ARM.Collect$$$$00000008  mc_w.l(entry7b.o)
    0x08000158   0x08000158   0x00000000   Code   RO         2877    .ARM.Collect$$$$0000000A  mc_w.l(entry8b.o)
    0x08000158   0x08000158   0x00000000   Code   RO         2878    .ARM.Collect$$$$0000000D  mc_w.l(entry10a.o)
    0x08000158   0x08000158   0x00000000   Code   RO         2880    .ARM.Collect$$$$0000000F  mc_w.l(entry11a.o)
    0x08000158   0x08000158   0x00000018   Code   RO          338    .ARM.Collect$$$$000000FF  rtx_conf_cm.o
    0x08000170   0x08000170   0x00000004   Code   RO         2871    .ARM.Collect$$$$00002712  mc_w.l(entry2.o)
    0x08000174   0x08000174   0x00000008   Code   RO         1699    .emb_text           Net_CM3_L.lib(net_sys.o)
    0x0800017c   0x0800017c   0x00000130   Code   RO         2571    .emb_text           RTX_CM3.lib(hal_cm3.o)
    0x080002ac   0x080002ac   0x000002fc   Code   RO            1    .text               telnet_server.o
    0x080005a8   0x080005a8   0x00000904   Code   RO           69    .text               telnet_server_uif.o
    0x08000eac   0x08000eac   0x00000428   Code   RO           90    .text               rtc.o
    0x080012d4   0x080012d4   0x0000009c   Code   RO          126    .text               backlight.o
    0x08001370   0x08001370   0x0000006c   Code   RO          172    .text               timer.o
    0x080013dc   0x080013dc   0x00000080   Code   RO          201    .text               sntp.o
    0x0800145c   0x0800145c   0x000000f8   Code   RO          230    .text               adc_mcbstm32c.o
    0x08001554   0x08001554   0x00000b3c   Code   RO          275    .text               glcd_mcbstm32c.o
    0x08002090   0x08002090   0x000000c0   Code   RO          311    .text               led_mcbstm32c.o
    0x08002150   0x08002150   0x00000004   Code   RO          339    .text               rtx_conf_cm.o
    0x08002154   0x08002154   0x000001cc   Code   RO          390    .text               phy_dp83848c.o
    0x08002320   0x08002320   0x0000073c   Code   RO          418    .text               emac_stm32f10x.o
    0x08002a5c   0x08002a5c   0x000008a6   Code   RO          467    .text               spi_stm32f10x.o
    0x08003302   0x08003302   0x00000002   PAD
    0x08003304   0x08003304   0x000003c8   Code   RO          507    .text               dma_stm32f10x.o
    0x080036cc   0x080036cc   0x000001fc   Code   RO          540    .text               gpio_stm32f10x.o
    0x080038c8   0x080038c8   0x00000024   Code   RO          564    .text               startup_stm32f10x_cl.o
    0x080038ec   0x080038ec   0x000001c4   Code   RO          571    .text               system_stm32f10x.o
    0x08003ab0   0x08003ab0   0x000000b8   Code   RO          598    .text               net_config.o
    0x08003b68   0x08003b68   0x00000062   Code   RO         2587    .text               mc_w.l(uldiv.o)
    0x08003bca   0x08003bca   0x00000040   Code   RO         2591    .text               mc_w.l(memmovea.o)
    0x08003c0a   0x08003c0a   0x00000024   Code   RO         2593    .text               mc_w.l(memseta.o)
    0x08003c2e   0x08003c2e   0x0000000e   Code   RO         2595    .text               mc_w.l(strlen.o)
    0x08003c3c   0x08003c3c   0x0000001c   Code   RO         2597    .text               mc_w.l(strcmp.o)
    0x08003c58   0x08003c58   0x0000001a   Code   RO         2599    .text               mc_w.l(memcmp.o)
    0x08003c72   0x08003c72   0x00000002   PAD
    0x08003c74   0x08003c74   0x00000038   Code   RO         2866    .text               mc_w.l(__0sscanf.o)
    0x08003cac   0x08003cac   0x0000014c   Code   RO         2868    .text               mc_w.l(_scanf_int.o)
    0x08003df8   0x08003df8   0x0000001e   Code   RO         2887    .text               mc_w.l(llshl.o)
    0x08003e16   0x08003e16   0x00000020   Code   RO         2889    .text               mc_w.l(llushr.o)
    0x08003e36   0x08003e36   0x0000001c   Code   RO         2891    .text               mc_w.l(_chval.o)
    0x08003e52   0x08003e52   0x00000002   PAD
    0x08003e54   0x08003e54   0x00000028   Code   RO         2893    .text               mc_w.l(scanf_char.o)
    0x08003e7c   0x08003e7c   0x00000040   Code   RO         2895    .text               mc_w.l(_sgetc.o)
    0x08003ebc   0x08003ebc   0x00000024   Code   RO         2908    .text               mc_w.l(init.o)
    0x08003ee0   0x08003ee0   0x00000000   Code   RO         2910    .text               mc_w.l(semi.o)
    0x08003ee0   0x08003ee0   0x0000000a   Code   RO         2913    .text               mc_w.l(isspace_c.o)
    0x08003eea   0x08003eea   0x00000002   PAD
    0x08003eec   0x08003eec   0x0000032c   Code   RO         2915    .text               mc_w.l(_scanf.o)
    0x08004218   0x08004218   0x00000000   Code   RO         2917    .text               mc_w.l(iusesemip.o)
    0x08004218   0x08004218   0x00000028   Code   RO         2920    .text               mc_w.l(ctype_c.o)
    0x08004240   0x08004240   0x00000004   Code   RO         2581    SVC_TABLE           RTX_CM3.lib(svc_table.o)
    0x08004244   0x08004244   0x00000020   Code   RO         2812    i.__0printf$8       mc_w.l(printf8.o)
    0x08004264   0x08004264   0x00000028   Code   RO         2814    i.__0sprintf$8      mc_w.l(printf8.o)
    0x0800428c   0x0800428c   0x0000000e   Code   RO         2924    i.__scatterload_copy  mc_w.l(handlers.o)
    0x0800429a   0x0800429a   0x00000002   Code   RO         2925    i.__scatterload_null  mc_w.l(handlers.o)
    0x0800429c   0x0800429c   0x0000000e   Code   RO         2926    i.__scatterload_zeroinit  mc_w.l(handlers.o)
    0x080042aa   0x080042aa   0x00000046   Code   RO         2250    i._init_box         RTX_CM3.lib(rt_membox.o)
    0x080042f0   0x080042f0   0x00000410   Code   RO         2819    i._printf_core      mc_w.l(printf8.o)
    0x08004700   0x08004700   0x00000024   Code   RO         2820    i._printf_post_padding  mc_w.l(printf8.o)
    0x08004724   0x08004724   0x0000002e   Code   RO         2821    i._printf_pre_padding  mc_w.l(printf8.o)
    0x08004752   0x08004752   0x0000000a   Code   RO         2823    i._sputc            mc_w.l(printf8.o)
    0x0800475c   0x0800475c   0x00000098   Code   RO         1347    i.arp_cache_alloc   Net_CM3_L.lib(net_arp.o)
    0x080047f4   0x080047f4   0x00000040   Code   RO         1348    i.arp_is_cacheable  Net_CM3_L.lib(net_arp.o)
    0x08004834   0x08004834   0x00000040   Code   RO         1349    i.arp_probe_run     Net_CM3_L.lib(net_arp.o)
    0x08004874   0x08004874   0x00000080   Code   RO         1350    i.arp_proc_response  Net_CM3_L.lib(net_arp.o)
    0x080048f4   0x080048f4   0x0000008c   Code   RO         1351    i.arp_send_reply    Net_CM3_L.lib(net_arp.o)
    0x08004980   0x08004980   0x000000b8   Code   RO         1352    i.arp_send_request  Net_CM3_L.lib(net_arp.o)
    0x08004a38   0x08004a38   0x00000070   Code   RO         1572    i.check_client_id   Net_CM3_L.lib(net_dhcp6_client.o)
    0x08004aa8   0x08004aa8   0x00000028   Code   RO         2513    i.crc32_8bit        Net_CM3_L.lib(net_common.o)
    0x08004ad0   0x08004ad0   0x00000030   Code   RO         2303    i.dbg_init          RTX_CM3.lib(hal_cm.o)
    0x08004b00   0x08004b00   0x00000020   Code   RO         2304    i.dbg_task_notify   RTX_CM3.lib(hal_cm.o)
    0x08004b20   0x08004b20   0x00000010   Code   RO         2305    i.dbg_task_switch   RTX_CM3.lib(hal_cm.o)
    0x08004b30   0x08004b30   0x0000003c   Code   RO         1573    i.dhcp6_client_start  Net_CM3_L.lib(net_dhcp6_client.o)
    0x08004b6c   0x08004b6c   0x000002ec   Code   RO         1575    i.dhcp6_listener    Net_CM3_L.lib(net_dhcp6_client.o)
    0x08004e58   0x08004e58   0x000001dc   Code   RO         1576    i.dhcp6_send_message  Net_CM3_L.lib(net_dhcp6_client.o)
    0x08005034   0x08005034   0x000000c4   Code   RO         1295    i.eth_check_link    Net_CM3_L.lib(net_eth.o)
    0x080050f8   0x080050f8   0x0000000c   Code   RO         1296    i.eth_lock          Net_CM3_L.lib(net_eth.o)
    0x08005104   0x08005104   0x0000001e   Code   RO         1297    i.eth_make_mcast4   Net_CM3_L.lib(net_eth.o)
    0x08005122   0x08005122   0x0000001a   Code   RO         1298    i.eth_make_mcast6   Net_CM3_L.lib(net_eth.o)
    0x0800513c   0x0800513c   0x0000001c   Code   RO         1299    i.eth_mtu_limit     Net_CM3_L.lib(net_eth.o)
    0x08005158   0x08005158   0x00000014   Code   RO         1300    i.eth_notify        Net_CM3_L.lib(net_eth.o)
    0x0800516c   0x0800516c   0x00000044   Code   RO         1301    i.eth_opt_len       Net_CM3_L.lib(net_eth.o)
    0x080051b0   0x080051b0   0x00000088   Code   RO         1302    i.eth_receive       Net_CM3_L.lib(net_eth.o)
    0x08005238   0x08005238   0x0000000c   Code   RO         1303    i.eth_unlock        Net_CM3_L.lib(net_eth.o)
    0x08005244   0x08005244   0x00000012   Code   RO         2882    i.fputc             mc_w.l(fputc.o)
    0x08005256   0x08005256   0x0000006e   Code   RO         1618    i.get_hist          Net_CM3_L.lib(net_telnet_server.o)
    0x080052c4   0x080052c4   0x0000005c   Code   RO         1577    i.get_tout          Net_CM3_L.lib(net_dhcp6_client.o)
    0x08005320   0x08005320   0x0000000a   Code   RO         2405    i.ip4_get_chksum    Net_CM3_L.lib(net_ip4.o)
    0x0800532a   0x0800532a   0x00000002   PAD
    0x0800532c   0x0800532c   0x0000001c   Code   RO         2406    i.ip4_get_mtu       Net_CM3_L.lib(net_ip4.o)
    0x08005348   0x08005348   0x00000080   Code   RO         2407    i.ip4_get_route     Net_CM3_L.lib(net_ip4.o)
    0x080053c8   0x080053c8   0x00000034   Code   RO         1737    i.ip4_ntoa          Net_CM3_L.lib(net_addr.o)
    0x080053fc   0x080053fc   0x00000038   Code   RO         2451    i.ip6_get_route     Net_CM3_L.lib(net_ip6.o)
    0x08005434   0x08005434   0x000000d4   Code   RO         1738    i.ip6_ntoa          Net_CM3_L.lib(net_addr.o)
    0x08005508   0x08005508   0x0000002a   Code   RO          676    i.isrMessageGet     RTX_CM3.lib(rt_cmsis.o)
    0x08005532   0x08005532   0x0000002c   Code   RO          677    i.isrMessagePut     RTX_CM3.lib(rt_cmsis.o)
    0x0800555e   0x0800555e   0x00000028   Code   RO          678    i.isrSemaphoreRelease  RTX_CM3.lib(rt_cmsis.o)
    0x08005586   0x08005586   0x00000024   Code   RO          679    i.isrSignalSet      RTX_CM3.lib(rt_cmsis.o)
    0x080055aa   0x080055aa   0x00000002   PAD
    0x080055ac   0x080055ac   0x00000028   Code   RO         1974    i.isr_evt_set       RTX_CM3.lib(rt_event.o)
    0x080055d4   0x080055d4   0x00000056   Code   RO         2096    i.isr_mbx_receive   RTX_CM3.lib(rt_mailbox.o)
    0x0800562a   0x0800562a   0x0000000e   Code   RO         2097    i.isr_mbx_send      RTX_CM3.lib(rt_mailbox.o)
    0x08005638   0x08005638   0x00000010   Code   RO         2144    i.isr_sem_send      RTX_CM3.lib(rt_semaphore.o)
    0x08005648   0x08005648   0x0000000c   Code   RO         2492    i.mem_lock          Net_CM3_L.lib(net_mem.o)
    0x08005654   0x08005654   0x0000000c   Code   RO         2493    i.mem_unlock        Net_CM3_L.lib(net_mem.o)
    0x08005660   0x08005660   0x00000160   Code   RO         1606    i.nbns_listener     Net_CM3_L.lib(net_nbns_client.o)
    0x080057c0   0x080057c0   0x0000009c   Code   RO         2351    i.ndp_cache_add     Net_CM3_L.lib(net_ndp.o)
    0x0800585c   0x0800585c   0x00000084   Code   RO         2352    i.ndp_cache_alloc   Net_CM3_L.lib(net_ndp.o)
    0x080058e0   0x080058e0   0x0000002c   Code   RO         2353    i.ndp_check_frame   Net_CM3_L.lib(net_ndp.o)
    0x0800590c   0x0800590c   0x0000005c   Code   RO         2354    i.ndp_is_onlink     Net_CM3_L.lib(net_ndp.o)
    0x08005968   0x08005968   0x00000012   Code   RO         2355    i.ndp_next_opt      Net_CM3_L.lib(net_ndp.o)
    0x0800597a   0x0800597a   0x00000002   PAD
    0x0800597c   0x0800597c   0x000000b8   Code   RO         2356    i.ndp_prefix_add    Net_CM3_L.lib(net_ndp.o)
    0x08005a34   0x08005a34   0x00000040   Code   RO         2357    i.ndp_probe_run     Net_CM3_L.lib(net_ndp.o)
    0x08005a74   0x08005a74   0x0000007c   Code   RO         2358    i.ndp_proc_response  Net_CM3_L.lib(net_ndp.o)
    0x08005af0   0x08005af0   0x0000003c   Code   RO         2359    i.ndp_router_remove  Net_CM3_L.lib(net_ndp.o)
    0x08005b2c   0x08005b2c   0x0000006c   Code   RO         2360    i.ndp_send_reply    Net_CM3_L.lib(net_ndp.o)
    0x08005b98   0x08005b98   0x00000084   Code   RO         2361    i.ndp_send_request  Net_CM3_L.lib(net_ndp.o)
    0x08005c1c   0x08005c1c   0x000000fc   Code   RO         2362    i.ndp_slaac_run     Net_CM3_L.lib(net_ndp.o)
    0x08005d18   0x08005d18   0x00000058   Code   RO         1700    i.netCore_Thread    Net_CM3_L.lib(net_sys.o)
    0x08005d70   0x08005d70   0x00000002   Code   RO         1580    i.netDHCP6_Notify   Net_CM3_L.lib(net_dhcp6_client.o)
    0x08005d72   0x08005d72   0x00000002   Code   RO         1304    i.netETH_Notify     Net_CM3_L.lib(net_eth.o)
    0x08005d74   0x08005d74   0x00000002   Code   RO         1305    i.netETH_ReceiveRaw  Net_CM3_L.lib(net_eth.o)
    0x08005d76   0x08005d76   0x00000002   PAD
    0x08005d78   0x08005d78   0x0000003c   Code   RO         1307    i.netETH_Thread     Net_CM3_L.lib(net_eth.o)
    0x08005db4   0x08005db4   0x00000068   Code   RO         1701    i.netIF_GetOption   Net_CM3_L.lib(net_sys.o)
    0x08005e1c   0x08005e1c   0x00000032   Code   RO         1741    i.netIP_ntoa        Net_CM3_L.lib(net_addr.o)
    0x08005e4e   0x08005e4e   0x00000002   PAD
    0x08005e50   0x08005e50   0x00000078   Code   RO         1704    i.netInitialize     Net_CM3_L.lib(net_sys.o)
    0x08005ec8   0x08005ec8   0x0000007c   Code   RO         1742    i.netMAC_aton       Net_CM3_L.lib(net_addr.o)
    0x08005f44   0x08005f44   0x00000004   Code   RO         1463    i.netTCP_GetLocalPort  Net_CM3_L.lib(net_tcp.o)
    0x08005f48   0x08005f48   0x00000020   Code   RO         1465    i.netTCP_GetPeer    Net_CM3_L.lib(net_tcp.o)
    0x08005f68   0x08005f68   0x00000004   Code   RO         1467    i.netTCP_GetState   Net_CM3_L.lib(net_tcp.o)
    0x08005f6c   0x08005f6c   0x00000004   Code   RO         1468    i.netTCP_GetTimer   Net_CM3_L.lib(net_tcp.o)
    0x08005f70   0x08005f70   0x00000004   Code   RO         1619    i.netTELNETs_AcceptClient  Net_CM3_L.lib(net_telnet_server.o)
    0x08005f74   0x08005f74   0x0000002e   Code   RO         1620    i.netTELNETs_CheckCommand  Net_CM3_L.lib(net_telnet_server.o)
    0x08005fa2   0x08005fa2   0x00000004   Code   RO         1621    i.netTELNETs_CheckPassword  Net_CM3_L.lib(net_telnet_server.o)
    0x08005fa6   0x08005fa6   0x00000004   Code   RO         1622    i.netTELNETs_CheckUsername  Net_CM3_L.lib(net_telnet_server.o)
    0x08005faa   0x08005faa   0x00000002   PAD
    0x08005fac   0x08005fac   0x00000030   Code   RO         1623    i.netTELNETs_GetClient  Net_CM3_L.lib(net_telnet_server.o)
    0x08005fdc   0x08005fdc   0x0000000c   Code   RO         1624    i.netTELNETs_GetPassword  Net_CM3_L.lib(net_telnet_server.o)
    0x08005fe8   0x08005fe8   0x0000000c   Code   RO         1629    i.netTELNETs_LoginActive  Net_CM3_L.lib(net_telnet_server.o)
    0x08005ff4   0x08005ff4   0x00000048   Code   RO         1631    i.netTELNETs_RepeatCommand  Net_CM3_L.lib(net_telnet_server.o)
    0x0800603c   0x0800603c   0x00000038   Code   RO         1634    i.netTELNETs_SetPassword  Net_CM3_L.lib(net_telnet_server.o)
    0x08006074   0x08006074   0x00000004   Code   RO         1410    i.netUDP_GetBuffer  Net_CM3_L.lib(net_udp.o)
    0x08006078   0x08006078   0x00000018   Code   RO         1412    i.netUDP_GetSocket  Net_CM3_L.lib(net_udp.o)
    0x08006090   0x08006090   0x0000001c   Code   RO         1413    i.netUDP_Open       Net_CM3_L.lib(net_udp.o)
    0x080060ac   0x080060ac   0x00000028   Code   RO         1415    i.netUDP_Send       Net_CM3_L.lib(net_udp.o)
    0x080060d4   0x080060d4   0x00000068   Code   RO         1744    i.net_addr4_aton    Net_CM3_L.lib(net_addr.o)
    0x0800613c   0x0800613c   0x0000001a   Code   RO         1745    i.net_addr4_is_subnet  Net_CM3_L.lib(net_addr.o)
    0x08006156   0x08006156   0x00000002   PAD
    0x08006158   0x08006158   0x000000f4   Code   RO         1747    i.net_addr6_aton    Net_CM3_L.lib(net_addr.o)
    0x0800624c   0x0800624c   0x00000028   Code   RO         1748    i.net_addr6_comp    Net_CM3_L.lib(net_addr.o)
    0x08006274   0x08006274   0x00000012   Code   RO         1749    i.net_addr6_copy    Net_CM3_L.lib(net_addr.o)
    0x08006286   0x08006286   0x00000002   PAD
    0x08006288   0x08006288   0x0000004c   Code   RO         1750    i.net_addr6_create  Net_CM3_L.lib(net_addr.o)
    0x080062d4   0x080062d4   0x0000002c   Code   RO         1751    i.net_addr6_get_solicited  Net_CM3_L.lib(net_addr.o)
    0x08006300   0x08006300   0x00000018   Code   RO         1752    i.net_addr6_is_linklocal  Net_CM3_L.lib(net_addr.o)
    0x08006318   0x08006318   0x0000006c   Code   RO         1753    i.net_addr6_is_onlink  Net_CM3_L.lib(net_addr.o)
    0x08006384   0x08006384   0x00000048   Code   RO         1754    i.net_addr6_is_solicited  Net_CM3_L.lib(net_addr.o)
    0x080063cc   0x080063cc   0x00000018   Code   RO         1755    i.net_addr6_is_unspec  Net_CM3_L.lib(net_addr.o)
    0x080063e4   0x080063e4   0x0000001a   Code   RO         1758    i.net_addr_copy     Net_CM3_L.lib(net_addr.o)
    0x080063fe   0x080063fe   0x0000000e   Code   RO         1760    i.net_addr_get_local  Net_CM3_L.lib(net_addr.o)
    0x0800640c   0x0800640c   0x00000022   Code   RO         1761    i.net_addr_is_unspec  Net_CM3_L.lib(net_addr.o)
    0x0800642e   0x0800642e   0x00000002   PAD
    0x08006430   0x08006430   0x000000b0   Code   RO         1358    i.net_arp_cache_add  Net_CM3_L.lib(net_arp.o)
    0x080064e0   0x080064e0   0x00000098   Code   RO         1359    i.net_arp_cache_early  Net_CM3_L.lib(net_arp.o)
    0x08006578   0x08006578   0x000000b4   Code   RO         1360    i.net_arp_cache_find  Net_CM3_L.lib(net_arp.o)
    0x0800662c   0x0800662c   0x00000038   Code   RO         1362    i.net_arp_init      Net_CM3_L.lib(net_arp.o)
    0x08006664   0x08006664   0x00000030   Code   RO         1363    i.net_arp_notify    Net_CM3_L.lib(net_arp.o)
    0x08006694   0x08006694   0x00000148   Code   RO         1365    i.net_arp_process   Net_CM3_L.lib(net_arp.o)
    0x080067dc   0x080067dc   0x000000fc   Code   RO         1366    i.net_arp_run       Net_CM3_L.lib(net_arp.o)
    0x080068d8   0x080068d8   0x00000018   Code   RO         2518    i.net_crc32_buf     Net_CM3_L.lib(net_common.o)
    0x080068f0   0x080068f0   0x00000054   Code   RO         1581    i.net_dhcp6_client_init  Net_CM3_L.lib(net_dhcp6_client.o)
    0x08006944   0x08006944   0x00000204   Code   RO         1582    i.net_dhcp6_client_run  Net_CM3_L.lib(net_dhcp6_client.o)
    0x08006b48   0x08006b48   0x000000c8   Code   RO         1309    i.net_eth_get_option  Net_CM3_L.lib(net_eth.o)
    0x08006c10   0x08006c10   0x00000220   Code   RO         1310    i.net_eth_iface_init  Net_CM3_L.lib(net_eth.o)
    0x08006e30   0x08006e30   0x00000194   Code   RO         1311    i.net_eth_iface_run  Net_CM3_L.lib(net_eth.o)
    0x08006fc4   0x08006fc4   0x00000020   Code   RO         1312    i.net_eth_is_my_addr  Net_CM3_L.lib(net_eth.o)
    0x08006fe4   0x08006fe4   0x0000003c   Code   RO         1313    i.net_eth_output    Net_CM3_L.lib(net_eth.o)
    0x08007020   0x08007020   0x000000dc   Code   RO         1314    i.net_eth_send_frame  Net_CM3_L.lib(net_eth.o)
    0x080070fc   0x080070fc   0x00000108   Code   RO         1316    i.net_eth_update_filter  Net_CM3_L.lib(net_eth.o)
    0x08007204   0x08007204   0x00000130   Code   RO         2480    i.net_icmp6_process  Net_CM3_L.lib(net_icmp6.o)
    0x08007334   0x08007334   0x0000005c   Code   RO         2481    i.net_icmp6_send    Net_CM3_L.lib(net_icmp6.o)
    0x08007390   0x08007390   0x00000050   Code   RO         2482    i.net_icmp6_send_echo  Net_CM3_L.lib(net_icmp6.o)
    0x080073e0   0x080073e0   0x000000f4   Code   RO         2441    i.net_icmp_process  Net_CM3_L.lib(net_icmp.o)
    0x080074d4   0x080074d4   0x00000080   Code   RO         2442    i.net_icmp_send_echo  Net_CM3_L.lib(net_icmp.o)
    0x08007554   0x08007554   0x0000004c   Code   RO         2408    i.net_ip4_checksum  Net_CM3_L.lib(net_ip4.o)
    0x080075a0   0x080075a0   0x000000d4   Code   RO         2409    i.net_ip4_chk_frame  Net_CM3_L.lib(net_ip4.o)
    0x08007674   0x08007674   0x00000032   Code   RO         2410    i.net_ip4_chksum_buf  Net_CM3_L.lib(net_ip4.o)
    0x080076a6   0x080076a6   0x00000002   PAD
    0x080076a8   0x080076a8   0x00000044   Code   RO         2412    i.net_ip4_get_local  Net_CM3_L.lib(net_ip4.o)
    0x080076ec   0x080076ec   0x00000044   Code   RO         2413    i.net_ip4_init      Net_CM3_L.lib(net_ip4.o)
    0x08007730   0x08007730   0x0000002c   Code   RO         2414    i.net_ip4_is_subcast  Net_CM3_L.lib(net_ip4.o)
    0x0800775c   0x0800775c   0x00000010   Code   RO         2415    i.net_ip4_reass_frame  Net_CM3_L.lib(net_ip4.o)
    0x0800776c   0x0800776c   0x00000140   Code   RO         2416    i.net_ip4_send_frame  Net_CM3_L.lib(net_ip4.o)
    0x080078ac   0x080078ac   0x00000058   Code   RO         2418    i.net_ip4_tx_offload  Net_CM3_L.lib(net_ip4.o)
    0x08007904   0x08007904   0x00000052   Code   RO         2452    i.net_ip6_checksum  Net_CM3_L.lib(net_ip6.o)
    0x08007956   0x08007956   0x00000002   PAD
    0x08007958   0x08007958   0x000000a4   Code   RO         2453    i.net_ip6_chk_frame  Net_CM3_L.lib(net_ip6.o)
    0x080079fc   0x080079fc   0x0000005c   Code   RO         2455    i.net_ip6_get_local  Net_CM3_L.lib(net_ip6.o)
    0x08007a58   0x08007a58   0x00000034   Code   RO         2456    i.net_ip6_init      Net_CM3_L.lib(net_ip6.o)
    0x08007a8c   0x08007a8c   0x000000b4   Code   RO         2457    i.net_ip6_send_frame  Net_CM3_L.lib(net_ip6.o)
    0x08007b40   0x08007b40   0x0000000c   Code   RO         2459    i.net_ip6_tx_netif  Net_CM3_L.lib(net_ip6.o)
    0x08007b4c   0x08007b4c   0x00000030   Code   RO         2460    i.net_ip6_tx_offload  Net_CM3_L.lib(net_ip6.o)
    0x08007b7c   0x08007b7c   0x00000028   Code   RO         1396    i.net_loop_iface_init  Net_CM3_L.lib(net_loop.o)
    0x08007ba4   0x08007ba4   0x00000094   Code   RO         1397    i.net_loop_iface_run  Net_CM3_L.lib(net_loop.o)
    0x08007c38   0x08007c38   0x00000048   Code   RO         1398    i.net_loop_send_frame  Net_CM3_L.lib(net_loop.o)
    0x08007c80   0x08007c80   0x0000008c   Code   RO         2494    i.net_mem_alloc     Net_CM3_L.lib(net_mem.o)
    0x08007d0c   0x08007d0c   0x0000001c   Code   RO         2495    i.net_mem_avail     Net_CM3_L.lib(net_mem.o)
    0x08007d28   0x08007d28   0x0000006c   Code   RO         2496    i.net_mem_free      Net_CM3_L.lib(net_mem.o)
    0x08007d94   0x08007d94   0x00000060   Code   RO         2497    i.net_mem_init      Net_CM3_L.lib(net_mem.o)
    0x08007df4   0x08007df4   0x00000038   Code   RO         2498    i.net_mem_shrink    Net_CM3_L.lib(net_mem.o)
    0x08007e2c   0x08007e2c   0x0000002c   Code   RO         1607    i.net_nbns_client_init  Net_CM3_L.lib(net_nbns_client.o)
    0x08007e58   0x08007e58   0x00000094   Code   RO         2367    i.net_ndp_cache_find  Net_CM3_L.lib(net_ndp.o)
    0x08007eec   0x08007eec   0x00000054   Code   RO         2369    i.net_ndp_cache_refresh  Net_CM3_L.lib(net_ndp.o)
    0x08007f40   0x08007f40   0x00000050   Code   RO         2371    i.net_ndp_init      Net_CM3_L.lib(net_ndp.o)
    0x08007f90   0x08007f90   0x0000022c   Code   RO         2372    i.net_ndp_process   Net_CM3_L.lib(net_ndp.o)
    0x080081bc   0x080081bc   0x000000d0   Code   RO         2373    i.net_ndp_run       Net_CM3_L.lib(net_ndp.o)
    0x0800828c   0x0800828c   0x00000010   Code   RO         1684    i.net_ping_client_init  Net_CM3_L.lib(net_ping.o)
    0x0800829c   0x0800829c   0x00000040   Code   RO         1685    i.net_ping_client_run  Net_CM3_L.lib(net_ping.o)
    0x080082dc   0x080082dc   0x0000001c   Code   RO         1708    i.net_rand32        Net_CM3_L.lib(net_sys.o)
    0x080082f8   0x080082f8   0x00000012   Code   RO         2522    i.net_strcpy        Net_CM3_L.lib(net_common.o)
    0x0800830a   0x0800830a   0x0000001c   Code   RO         2524    i.net_strtoupper    Net_CM3_L.lib(net_common.o)
    0x08008326   0x08008326   0x00000002   PAD
    0x08008328   0x08008328   0x0000000c   Code   RO         1709    i.net_sys_lock      Net_CM3_L.lib(net_sys.o)
    0x08008334   0x08008334   0x00000014   Code   RO         1710    i.net_sys_tick      Net_CM3_L.lib(net_sys.o)
    0x08008348   0x08008348   0x0000000c   Code   RO         1711    i.net_sys_unlock    Net_CM3_L.lib(net_sys.o)
    0x08008354   0x08008354   0x00000020   Code   RO         1712    i.net_sys_wakeup    Net_CM3_L.lib(net_sys.o)
    0x08008374   0x08008374   0x000000ac   Code   RO         1478    i.net_tcp_close     Net_CM3_L.lib(net_tcp.o)
    0x08008420   0x08008420   0x0000001e   Code   RO         1481    i.net_tcp_get_buf   Net_CM3_L.lib(net_tcp.o)
    0x0800843e   0x0800843e   0x00000002   PAD
    0x08008440   0x08008440   0x00000034   Code   RO         1482    i.net_tcp_get_local_port  Net_CM3_L.lib(net_tcp.o)
    0x08008474   0x08008474   0x00000028   Code   RO         1483    i.net_tcp_get_mss   Net_CM3_L.lib(net_tcp.o)
    0x0800849c   0x0800849c   0x00000054   Code   RO         1484    i.net_tcp_get_peer  Net_CM3_L.lib(net_tcp.o)
    0x080084f0   0x080084f0   0x0000004c   Code   RO         1485    i.net_tcp_get_socket  Net_CM3_L.lib(net_tcp.o)
    0x0800853c   0x0800853c   0x0000002c   Code   RO         1486    i.net_tcp_get_state  Net_CM3_L.lib(net_tcp.o)
    0x08008568   0x08008568   0x00000034   Code   RO         1487    i.net_tcp_get_timer  Net_CM3_L.lib(net_tcp.o)
    0x0800859c   0x0800859c   0x0000007c   Code   RO         1488    i.net_tcp_listen    Net_CM3_L.lib(net_tcp.o)
    0x08008618   0x08008618   0x0000000c   Code   RO         1489    i.net_tcp_ntoa      Net_CM3_L.lib(net_tcp.o)
    0x08008624   0x08008624   0x0000050e   Code   RO         1490    i.net_tcp_process   Net_CM3_L.lib(net_tcp.o)
    0x08008b32   0x08008b32   0x00000002   PAD
    0x08008b34   0x08008b34   0x000000e8   Code   RO         1494    i.net_tcp_send      Net_CM3_L.lib(net_tcp.o)
    0x08008c1c   0x08008c1c   0x000000a4   Code   RO         1495    i.net_tcp_set_option  Net_CM3_L.lib(net_tcp.o)
    0x08008cc0   0x08008cc0   0x00000014   Code   RO         1496    i.net_tcp_socket_init  Net_CM3_L.lib(net_tcp.o)
    0x08008cd4   0x08008cd4   0x000002f8   Code   RO         1497    i.net_tcp_socket_run  Net_CM3_L.lib(net_tcp.o)
    0x08008fcc   0x08008fcc   0x000000a0   Code   RO         1639    i.net_telnet_server_init  Net_CM3_L.lib(net_telnet_server.o)
    0x0800906c   0x0800906c   0x00000014   Code   RO         1640    i.net_telnet_server_run  Net_CM3_L.lib(net_telnet_server.o)
    0x08009080   0x08009080   0x0000001e   Code   RO         1419    i.net_udp_get_buf   Net_CM3_L.lib(net_udp.o)
    0x0800909e   0x0800909e   0x00000002   PAD
    0x080090a0   0x080090a0   0x0000004c   Code   RO         1421    i.net_udp_get_socket  Net_CM3_L.lib(net_udp.o)
    0x080090ec   0x080090ec   0x0000006c   Code   RO         1423    i.net_udp_open      Net_CM3_L.lib(net_udp.o)
    0x08009158   0x08009158   0x000000e4   Code   RO         1424    i.net_udp_process   Net_CM3_L.lib(net_udp.o)
    0x0800923c   0x0800923c   0x00000178   Code   RO         1426    i.net_udp_send      Net_CM3_L.lib(net_udp.o)
    0x080093b4   0x080093b4   0x00000014   Code   RO         1428    i.net_udp_socket_init  Net_CM3_L.lib(net_udp.o)
    0x080093c8   0x080093c8   0x00000018   Code   RO          680    i.osDelay           RTX_CM3.lib(rt_cmsis.o)
    0x080093e0   0x080093e0   0x00000024   Code   RO          681    i.osKernelInitialize  RTX_CM3.lib(rt_cmsis.o)
    0x08009404   0x08009404   0x0000006c   Code   RO          683    i.osKernelStart     RTX_CM3.lib(rt_cmsis.o)
    0x08009470   0x08009470   0x00000018   Code   RO          692    i.osMessageGet      RTX_CM3.lib(rt_cmsis.o)
    0x08009488   0x08009488   0x0000002c   Code   RO          694    i.osMutexCreate     RTX_CM3.lib(rt_cmsis.o)
    0x080094b4   0x080094b4   0x00000018   Code   RO          696    i.osMutexRelease    RTX_CM3.lib(rt_cmsis.o)
    0x080094cc   0x080094cc   0x00000018   Code   RO          697    i.osMutexWait       RTX_CM3.lib(rt_cmsis.o)
    0x080094e4   0x080094e4   0x0000002c   Code   RO          702    i.osSemaphoreCreate  RTX_CM3.lib(rt_cmsis.o)
    0x08009510   0x08009510   0x00000018   Code   RO          704    i.osSemaphoreRelease  RTX_CM3.lib(rt_cmsis.o)
    0x08009528   0x08009528   0x00000018   Code   RO          705    i.osSemaphoreWait   RTX_CM3.lib(rt_cmsis.o)
    0x08009540   0x08009540   0x00000018   Code   RO          706    i.osSignalClear     RTX_CM3.lib(rt_cmsis.o)
    0x08009558   0x08009558   0x00000018   Code   RO          707    i.osSignalSet       RTX_CM3.lib(rt_cmsis.o)
    0x08009570   0x08009570   0x00000018   Code   RO          708    i.osSignalWait      RTX_CM3.lib(rt_cmsis.o)
    0x08009588   0x08009588   0x0000002c   Code   RO          709    i.osThreadCreate    RTX_CM3.lib(rt_cmsis.o)
    0x080095b4   0x080095b4   0x00000018   Code   RO          710    i.osThreadExit      RTX_CM3.lib(rt_cmsis.o)
    0x080095cc   0x080095cc   0x00000018   Code   RO          711    i.osThreadGetId     RTX_CM3.lib(rt_cmsis.o)
    0x080095e4   0x080095e4   0x00000018   Code   RO          715    i.osThreadYield     RTX_CM3.lib(rt_cmsis.o)
    0x080095fc   0x080095fc   0x0000000c   Code   RO          716    i.osTimerCall       RTX_CM3.lib(rt_cmsis.o)
    0x08009608   0x08009608   0x0000002c   Code   RO          717    i.osTimerCreate     RTX_CM3.lib(rt_cmsis.o)
    0x08009634   0x08009634   0x00000018   Code   RO          719    i.osTimerStart      RTX_CM3.lib(rt_cmsis.o)
    0x0800964c   0x0800964c   0x0000002c   Code   RO          721    i.osTimerThread     RTX_CM3.lib(rt_cmsis.o)
    0x08009678   0x08009678   0x00000028   Code   RO         1884    i.os_tick_init      RTX_CM3.lib(rt_system.o)
    0x080096a0   0x080096a0   0x00000002   Code   RO         1885    i.os_tick_irqack    RTX_CM3.lib(rt_system.o)
    0x080096a2   0x080096a2   0x00000002   PAD
    0x080096a4   0x080096a4   0x0000001c   Code   RO         1686    i.ping_send_req     Net_CM3_L.lib(net_ping.o)
    0x080096c0   0x080096c0   0x0000008c   Code   RO         1641    i.proc_data         Net_CM3_L.lib(net_telnet_server.o)
    0x0800974c   0x0800974c   0x000000bc   Code   RO         1583    i.proc_opt_ia_na    Net_CM3_L.lib(net_dhcp6_client.o)
    0x08009808   0x08009808   0x0000001a   Code   RO         2251    i.rt_alloc_box      RTX_CM3.lib(rt_membox.o)
    0x08009822   0x08009822   0x0000003e   Code   RO         2279    i.rt_alloc_mem      RTX_CM3.lib(rt_memory.o)
    0x08009860   0x08009860   0x00000038   Code   RO         1799    i.rt_block          RTX_CM3.lib(rt_task.o)
    0x08009898   0x08009898   0x00000048   Code   RO         2550    i.rt_chk_robin      RTX_CM3.lib(rt_robin.o)
    0x080098e0   0x080098e0   0x00000070   Code   RO         2020    i.rt_dec_dly        RTX_CM3.lib(rt_list.o)
    0x08009950   0x08009950   0x00000044   Code   RO         1800    i.rt_dispatch       RTX_CM3.lib(rt_task.o)
    0x08009994   0x08009994   0x00000006   Code   RO         2186    i.rt_dly_wait       RTX_CM3.lib(rt_time.o)
    0x0800999a   0x0800999a   0x00000002   PAD
    0x0800999c   0x0800999c   0x0000001c   Code   RO         1975    i.rt_evt_clr        RTX_CM3.lib(rt_event.o)
    0x080099b8   0x080099b8   0x00000050   Code   RO         1977    i.rt_evt_psh        RTX_CM3.lib(rt_event.o)
    0x08009a08   0x08009a08   0x0000005c   Code   RO         1978    i.rt_evt_set        RTX_CM3.lib(rt_event.o)
    0x08009a64   0x08009a64   0x0000003c   Code   RO         1979    i.rt_evt_wait       RTX_CM3.lib(rt_event.o)
    0x08009aa0   0x08009aa0   0x0000002c   Code   RO         2252    i.rt_free_box       RTX_CM3.lib(rt_membox.o)
    0x08009acc   0x08009acc   0x00000028   Code   RO         2280    i.rt_free_mem       RTX_CM3.lib(rt_memory.o)
    0x08009af4   0x08009af4   0x00000028   Code   RO         2021    i.rt_get_first      RTX_CM3.lib(rt_list.o)
    0x08009b1c   0x08009b1c   0x00000024   Code   RO         2022    i.rt_get_same_rdy_prio  RTX_CM3.lib(rt_list.o)
    0x08009b40   0x08009b40   0x00000008   Code   RO          726    i.rt_id2obj         RTX_CM3.lib(rt_cmsis.o)
    0x08009b48   0x08009b48   0x00000048   Code   RO         1801    i.rt_init_context   RTX_CM3.lib(rt_task.o)
    0x08009b90   0x08009b90   0x0000001a   Code   RO         2281    i.rt_init_mem       RTX_CM3.lib(rt_memory.o)
    0x08009baa   0x08009baa   0x00000002   PAD
    0x08009bac   0x08009bac   0x00000018   Code   RO         2551    i.rt_init_robin     RTX_CM3.lib(rt_robin.o)
    0x08009bc4   0x08009bc4   0x00000080   Code   RO         2306    i.rt_init_stack     RTX_CM3.lib(hal_cm.o)
    0x08009c44   0x08009c44   0x00000008   Code   RO         2098    i.rt_mbx_check      RTX_CM3.lib(rt_mailbox.o)
    0x08009c4c   0x08009c4c   0x0000001a   Code   RO         2099    i.rt_mbx_init       RTX_CM3.lib(rt_mailbox.o)
    0x08009c66   0x08009c66   0x00000002   PAD
    0x08009c68   0x08009c68   0x000000f0   Code   RO         2100    i.rt_mbx_psh        RTX_CM3.lib(rt_mailbox.o)
    0x08009d58   0x08009d58   0x000000b4   Code   RO         2102    i.rt_mbx_wait       RTX_CM3.lib(rt_mailbox.o)
    0x08009e0c   0x08009e0c   0x00000044   Code   RO          727    i.rt_ms2tick        RTX_CM3.lib(rt_cmsis.o)
    0x08009e50   0x08009e50   0x00000010   Code   RO         2220    i.rt_mut_init       RTX_CM3.lib(rt_mutex.o)
    0x08009e60   0x08009e60   0x000000d8   Code   RO         2221    i.rt_mut_release    RTX_CM3.lib(rt_mutex.o)
    0x08009f38   0x08009f38   0x00000078   Code   RO         2222    i.rt_mut_wait       RTX_CM3.lib(rt_mutex.o)
    0x08009fb0   0x08009fb0   0x0000007c   Code   RO         1888    i.rt_pop_req        RTX_CM3.lib(rt_system.o)
    0x0800a02c   0x0800a02c   0x00000020   Code   RO         1889    i.rt_psh_req        RTX_CM3.lib(rt_system.o)
    0x0800a04c   0x0800a04c   0x0000005c   Code   RO         2023    i.rt_psq_enq        RTX_CM3.lib(rt_list.o)
    0x0800a0a8   0x0800a0a8   0x00000048   Code   RO         2024    i.rt_put_dly        RTX_CM3.lib(rt_list.o)
    0x0800a0f0   0x0800a0f0   0x00000036   Code   RO         2025    i.rt_put_prio       RTX_CM3.lib(rt_list.o)
    0x0800a126   0x0800a126   0x00000002   PAD
    0x0800a128   0x0800a128   0x00000014   Code   RO         2026    i.rt_put_rdy_first  RTX_CM3.lib(rt_list.o)
    0x0800a13c   0x0800a13c   0x00000034   Code   RO         2027    i.rt_resort_prio    RTX_CM3.lib(rt_list.o)
    0x0800a170   0x0800a170   0x00000006   Code   RO         2307    i.rt_ret_val        RTX_CM3.lib(hal_cm.o)
    0x0800a176   0x0800a176   0x00000008   Code   RO         2308    i.rt_ret_val2       RTX_CM3.lib(hal_cm.o)
    0x0800a17e   0x0800a17e   0x00000028   Code   RO         2028    i.rt_rmv_dly        RTX_CM3.lib(rt_list.o)
    0x0800a1a6   0x0800a1a6   0x00000002   PAD
    0x0800a1a8   0x0800a1a8   0x00000030   Code   RO         2029    i.rt_rmv_list       RTX_CM3.lib(rt_list.o)
    0x0800a1d8   0x0800a1d8   0x0000000c   Code   RO         2146    i.rt_sem_init       RTX_CM3.lib(rt_semaphore.o)
    0x0800a1e4   0x0800a1e4   0x00000034   Code   RO         2147    i.rt_sem_psh        RTX_CM3.lib(rt_semaphore.o)
    0x0800a218   0x0800a218   0x0000002a   Code   RO         2148    i.rt_sem_send       RTX_CM3.lib(rt_semaphore.o)
    0x0800a242   0x0800a242   0x00000002   PAD
    0x0800a244   0x0800a244   0x00000040   Code   RO         2149    i.rt_sem_wait       RTX_CM3.lib(rt_semaphore.o)
    0x0800a284   0x0800a284   0x00000024   Code   RO         1891    i.rt_stk_check      RTX_CM3.lib(rt_system.o)
    0x0800a2a8   0x0800a2a8   0x00000028   Code   RO         1802    i.rt_switch_req     RTX_CM3.lib(rt_task.o)
    0x0800a2d0   0x0800a2d0   0x000000cc   Code   RO         1803    i.rt_sys_init       RTX_CM3.lib(rt_task.o)
    0x0800a39c   0x0800a39c   0x00000078   Code   RO         1804    i.rt_sys_start      RTX_CM3.lib(rt_task.o)
    0x0800a414   0x0800a414   0x00000040   Code   RO         1893    i.rt_systick        RTX_CM3.lib(rt_system.o)
    0x0800a454   0x0800a454   0x00000012   Code   RO          728    i.rt_tid2ptcb       RTX_CM3.lib(rt_cmsis.o)
    0x0800a466   0x0800a466   0x00000002   PAD
    0x0800a468   0x0800a468   0x00000034   Code   RO          729    i.rt_timer_insert   RTX_CM3.lib(rt_cmsis.o)
    0x0800a49c   0x0800a49c   0x0000003c   Code   RO          730    i.rt_timer_remove   RTX_CM3.lib(rt_cmsis.o)
    0x0800a4d8   0x0800a4d8   0x00000088   Code   RO         1805    i.rt_tsk_create     RTX_CM3.lib(rt_task.o)
    0x0800a560   0x0800a560   0x0000017c   Code   RO         1806    i.rt_tsk_delete     RTX_CM3.lib(rt_task.o)
    0x0800a6dc   0x0800a6dc   0x00000030   Code   RO         1807    i.rt_tsk_pass       RTX_CM3.lib(rt_task.o)
    0x0800a70c   0x0800a70c   0x0000007c   Code   RO         1808    i.rt_tsk_prio       RTX_CM3.lib(rt_task.o)
    0x0800a788   0x0800a788   0x00000010   Code   RO         1809    i.rt_tsk_self       RTX_CM3.lib(rt_task.o)
    0x0800a798   0x0800a798   0x00000070   Code   RO         1584    i.select_server     Net_CM3_L.lib(net_dhcp6_client.o)
    0x0800a808   0x0800a808   0x00000012   Code   RO          731    i.svcDelay          RTX_CM3.lib(rt_cmsis.o)
    0x0800a81a   0x0800a81a   0x00000002   PAD
    0x0800a81c   0x0800a81c   0x00000070   Code   RO          732    i.svcKernelInitialize  RTX_CM3.lib(rt_cmsis.o)
    0x0800a88c   0x0800a88c   0x00000048   Code   RO          734    i.svcKernelStart    RTX_CM3.lib(rt_cmsis.o)
    0x0800a8d4   0x0800a8d4   0x00000024   Code   RO          737    i.svcMessageCreate  RTX_CM3.lib(rt_cmsis.o)
    0x0800a8f8   0x0800a8f8   0x0000003a   Code   RO          738    i.svcMessageGet     RTX_CM3.lib(rt_cmsis.o)
    0x0800a932   0x0800a932   0x0000001c   Code   RO          740    i.svcMutexCreate    RTX_CM3.lib(rt_cmsis.o)
    0x0800a94e   0x0800a94e   0x00000022   Code   RO          742    i.svcMutexRelease   RTX_CM3.lib(rt_cmsis.o)
    0x0800a970   0x0800a970   0x0000003a   Code   RO          743    i.svcMutexWait      RTX_CM3.lib(rt_cmsis.o)
    0x0800a9aa   0x0800a9aa   0x00000024   Code   RO          745    i.svcSemaphoreCreate  RTX_CM3.lib(rt_cmsis.o)
    0x0800a9ce   0x0800a9ce   0x00000028   Code   RO          747    i.svcSemaphoreRelease  RTX_CM3.lib(rt_cmsis.o)
    0x0800a9f6   0x0800a9f6   0x00000032   Code   RO          748    i.svcSemaphoreWait  RTX_CM3.lib(rt_cmsis.o)
    0x0800aa28   0x0800aa28   0x00000024   Code   RO          749    i.svcSignalClear    RTX_CM3.lib(rt_cmsis.o)
    0x0800aa4c   0x0800aa4c   0x00000024   Code   RO          750    i.svcSignalSet      RTX_CM3.lib(rt_cmsis.o)
    0x0800aa70   0x0800aa70   0x00000054   Code   RO          751    i.svcSignalWait     RTX_CM3.lib(rt_cmsis.o)
    0x0800aac4   0x0800aac4   0x0000006c   Code   RO          752    i.svcThreadCreate   RTX_CM3.lib(rt_cmsis.o)
    0x0800ab30   0x0800ab30   0x0000001c   Code   RO          753    i.svcThreadGetId    RTX_CM3.lib(rt_cmsis.o)
    0x0800ab4c   0x0800ab4c   0x00000038   Code   RO          756    i.svcThreadTerminate  RTX_CM3.lib(rt_cmsis.o)
    0x0800ab84   0x0800ab84   0x0000000a   Code   RO          757    i.svcThreadYield    RTX_CM3.lib(rt_cmsis.o)
    0x0800ab8e   0x0800ab8e   0x00000018   Code   RO          758    i.svcTimerCall      RTX_CM3.lib(rt_cmsis.o)
    0x0800aba6   0x0800aba6   0x00000002   PAD
    0x0800aba8   0x0800aba8   0x00000038   Code   RO          759    i.svcTimerCreate    RTX_CM3.lib(rt_cmsis.o)
    0x0800abe0   0x0800abe0   0x00000064   Code   RO          761    i.svcTimerStart     RTX_CM3.lib(rt_cmsis.o)
    0x0800ac44   0x0800ac44   0x0000005c   Code   RO          767    i.sysTimerTick      RTX_CM3.lib(rt_cmsis.o)
    0x0800aca0   0x0800aca0   0x0000004c   Code   RO         1713    i.sys_proc_tick     Net_CM3_L.lib(net_sys.o)
    0x0800acec   0x0800acec   0x000000e0   Code   RO         1498    i.tcp_map_socket    Net_CM3_L.lib(net_tcp.o)
    0x0800adcc   0x0800adcc   0x0000005e   Code   RO         1499    i.tcp_parse_opt     Net_CM3_L.lib(net_tcp.o)
    0x0800ae2a   0x0800ae2a   0x00000002   PAD
    0x0800ae2c   0x0800ae2c   0x000000d4   Code   RO         1500    i.tcp_proc_acknr    Net_CM3_L.lib(net_tcp.o)
    0x0800af00   0x0800af00   0x00000060   Code   RO         1501    i.tcp_proc_dupack   Net_CM3_L.lib(net_tcp.o)
    0x0800af60   0x0800af60   0x0000001a   Code   RO         1502    i.tcp_que_free      Net_CM3_L.lib(net_tcp.o)
    0x0800af7a   0x0800af7a   0x0000001a   Code   RO         1503    i.tcp_que_init      Net_CM3_L.lib(net_tcp.o)
    0x0800af94   0x0800af94   0x00000098   Code   RO         1504    i.tcp_que_resend    Net_CM3_L.lib(net_tcp.o)
    0x0800b02c   0x0800b02c   0x0000007a   Code   RO         1505    i.tcp_send_ctrl     Net_CM3_L.lib(net_tcp.o)
    0x0800b0a6   0x0800b0a6   0x00000060   Code   RO         1506    i.tcp_send_data     Net_CM3_L.lib(net_tcp.o)
    0x0800b106   0x0800b106   0x00000076   Code   RO         1507    i.tcp_send_reset    Net_CM3_L.lib(net_tcp.o)
    0x0800b17c   0x0800b17c   0x0000002c   Code   RO         1508    i.tcp_set_cwnd      Net_CM3_L.lib(net_tcp.o)
    0x0800b1a8   0x0800b1a8   0x00000074   Code   RO         1509    i.tcp_transit       Net_CM3_L.lib(net_tcp.o)
    0x0800b21c   0x0800b21c   0x000000ec   Code   RO         1510    i.tcp_write         Net_CM3_L.lib(net_tcp.o)
    0x0800b308   0x0800b308   0x00000034   Code   RO         1642    i.telnet_kill_session  Net_CM3_L.lib(net_telnet_server.o)
    0x0800b33c   0x0800b33c   0x00000148   Code   RO         1643    i.telnet_listener   Net_CM3_L.lib(net_telnet_server.o)
    0x0800b484   0x0800b484   0x00000094   Code   RO         1644    i.telnet_parse_cmd  Net_CM3_L.lib(net_telnet_server.o)
    0x0800b518   0x0800b518   0x000005c4   Code   RO         1645    i.telnet_server_run  Net_CM3_L.lib(net_telnet_server.o)
    0x0800badc   0x0800badc   0x00000040   Code   RO         1646    i.telnet_server_start  Net_CM3_L.lib(net_telnet_server.o)
    0x0800bb1c   0x0800bb1c   0x0000002c   Code   RO         1429    i.udp_port_in_use   Net_CM3_L.lib(net_udp.o)
    0x0800bb48   0x0800bb48   0x00000034   Data   RO            4    .constdata          telnet_server.o
    0x0800bb7c   0x0800bb7c   0x000003d4   Data   RO           71    .constdata          telnet_server_uif.o
    0x0800bf50   0x0800bf50   0x00000040   Data   RO          104    .constdata          rtc.o
    0x0800bf90   0x0800bf90   0x00000048   Data   RO          127    .constdata          backlight.o
    0x0800bfd8   0x0800bfd8   0x00000014   Data   RO          204    .constdata          sntp.o
    0x0800bfec   0x0800bfec   0x00001500   Data   RO          261    .constdata          glcd_fonts.o
    0x0800d4ec   0x0800d4ec   0x00000010   Data   RO          263    .constdata          glcd_fonts.o
    0x0800d4fc   0x0800d4fc   0x00000040   Data   RO          312    .constdata          led_mcbstm32c.o
    0x0800d53c   0x0800d53c   0x00000002   Data   RO          346    .constdata          rtx_conf_cm.o
    0x0800d53e   0x0800d53e   0x00000002   PAD
    0x0800d540   0x0800d540   0x00000004   Data   RO          347    .constdata          rtx_conf_cm.o
    0x0800d544   0x0800d544   0x00000004   Data   RO          348    .constdata          rtx_conf_cm.o
    0x0800d548   0x0800d548   0x00000004   Data   RO          352    .constdata          rtx_conf_cm.o
    0x0800d54c   0x0800d54c   0x00000001   Data   RO          353    .constdata          rtx_conf_cm.o
    0x0800d54d   0x0800d54d   0x00000003   PAD
    0x0800d550   0x0800d550   0x00000020   Data   RO          354    .constdata          rtx_conf_cm.o
    0x0800d570   0x0800d570   0x00000002   Data   RO          355    .constdata          rtx_conf_cm.o
    0x0800d572   0x0800d572   0x00000002   PAD
    0x0800d574   0x0800d574   0x00000004   Data   RO          356    .constdata          rtx_conf_cm.o
    0x0800d578   0x0800d578   0x00000004   Data   RO          357    .constdata          rtx_conf_cm.o
    0x0800d57c   0x0800d57c   0x00000001   Data   RO          358    .constdata          rtx_conf_cm.o
    0x0800d57d   0x0800d57d   0x00000003   PAD
    0x0800d580   0x0800d580   0x00000010   Data   RO          359    .constdata          rtx_conf_cm.o
    0x0800d590   0x0800d590   0x00000008   Data   RO          360    .constdata          rtx_conf_cm.o
    0x0800d598   0x0800d598   0x00000002   Data   RO          361    .constdata          rtx_conf_cm.o
    0x0800d59a   0x0800d59a   0x00000004   Data   RO          392    .constdata          phy_dp83848c.o
    0x0800d59e   0x0800d59e   0x00000002   PAD
    0x0800d5a0   0x0800d5a0   0x00000020   Data   RO          393    .constdata          phy_dp83848c.o
    0x0800d5c0   0x0800d5c0   0x00000050   Data   RO          420    .constdata          emac_stm32f10x.o
    0x0800d610   0x0800d610   0x00000044   Data   RO          421    .constdata          emac_stm32f10x.o
    0x0800d654   0x0800d654   0x00000038   Data   RO          470    .constdata          spi_stm32f10x.o
    0x0800d68c   0x0800d68c   0x00000008   Data   RO          471    .constdata          spi_stm32f10x.o
    0x0800d694   0x0800d694   0x00000008   Data   RO          472    .constdata          spi_stm32f10x.o
    0x0800d69c   0x0800d69c   0x00000008   Data   RO          473    .constdata          spi_stm32f10x.o
    0x0800d6a4   0x0800d6a4   0x00000008   Data   RO          474    .constdata          spi_stm32f10x.o
    0x0800d6ac   0x0800d6ac   0x0000002c   Data   RO          475    .constdata          spi_stm32f10x.o
    0x0800d6d8   0x0800d6d8   0x00000034   Data   RO          612    .constdata          net_config.o
    0x0800d70c   0x0800d70c   0x00000014   Data   RO          613    .constdata          net_config.o
    0x0800d720   0x0800d720   0x00000034   Data   RO          614    .constdata          net_config.o
    0x0800d754   0x0800d754   0x00000028   Data   RO          615    .constdata          net_config.o
    0x0800d77c   0x0800d77c   0x00000018   Data   RO          616    .constdata          net_config.o
    0x0800d794   0x0800d794   0x0000000c   Data   RO          617    .constdata          net_config.o
    0x0800d7a0   0x0800d7a0   0x0000000c   Data   RO          618    .constdata          net_config.o
    0x0800d7ac   0x0800d7ac   0x00000008   Data   RO          619    .constdata          net_config.o
    0x0800d7b4   0x0800d7b4   0x00000014   Data   RO          620    .constdata          net_config.o
    0x0800d7c8   0x0800d7c8   0x0000001c   Data   RO          621    .constdata          net_config.o
    0x0800d7e4   0x0800d7e4   0x00000050   Data   RO          622    .constdata          net_config.o
    0x0800d834   0x0800d834   0x00000006   Data   RO         1318    .constdata          Net_CM3_L.lib(net_eth.o)
    0x0800d83a   0x0800d83a   0x00000002   PAD
    0x0800d83c   0x0800d83c   0x0000002c   Data   RO         1511    .constdata          Net_CM3_L.lib(net_tcp.o)
    0x0800d868   0x0800d868   0x00000010   Data   RO         1586    .constdata          Net_CM3_L.lib(net_dhcp6_client.o)
    0x0800d878   0x0800d878   0x00000008   Data   RO         1608    .constdata          Net_CM3_L.lib(net_nbns_client.o)
    0x0800d880   0x0800d880   0x00000012   Data   RO         1688    .constdata          Net_CM3_L.lib(net_ping.o)
    0x0800d892   0x0800d892   0x00000010   Data   RO         1765    .constdata          Net_CM3_L.lib(net_addr.o)
    0x0800d8a2   0x0800d8a2   0x00000008   Data   RO         2419    .constdata          Net_CM3_L.lib(net_ip4.o)
    0x0800d8aa   0x0800d8aa   0x00000020   Data   RO         2461    .constdata          Net_CM3_L.lib(net_ip6.o)
    0x0800d8ca   0x0800d8ca   0x00000010   Data   RO         2462    .constdata          Net_CM3_L.lib(net_ip6.o)
    0x0800d8da   0x0800d8da   0x00000040   Data   RO         2921    .constdata          mc_w.l(ctype_c.o)
    0x0800d91a   0x0800d91a   0x00000002   PAD
    0x0800d91c   0x0800d91c   0x00000298   Data   RO          105    .conststring        rtc.o
    0x0800dbb4   0x0800dbb4   0x0000000a   Data   RO          623    .conststring        net_config.o
    0x0800dbbe   0x0800dbbe   0x00000002   PAD
    0x0800dbc0   0x0800dbc0   0x00000040   Data   RO          624    .conststring        net_config.o
    0x0800dc00   0x0800dc00   0x0000003d   Data   RO          625    .conststring        net_config.o
    0x0800dc3d   0x0800dc3d   0x00000003   PAD
    0x0800dc40   0x0800dc40   0x00000012   Data   RO          626    .conststring        net_config.o
    0x0800dc52   0x0800dc52   0x00000002   PAD
    0x0800dc54   0x0800dc54   0x00000009   Data   RO          627    .conststring        net_config.o
    0x0800dc5d   0x0800dc5d   0x00000003   PAD
    0x0800dc60   0x0800dc60   0x0000006d   Data   RO         1512    .conststring        Net_CM3_L.lib(net_tcp.o)
    0x0800dccd   0x0800dccd   0x00000003   PAD
    0x0800dcd0   0x0800dcd0   0x00000020   Data   RO         2923    Region$$Table       anon$$obj.o


    Execution Region RW_IRAM1 (Exec base: 0x20000000, Load base: 0x0800dcf0, Size: 0x00007960, Max: 0x00010000, ABSOLUTE)

    Exec Addr    Load Addr    Size         Type   Attr      Idx    E Section Name        Object

    0x20000000   0x0800dcf0   0x0000003e   Data   RW            5    .data               telnet_server.o
    0x2000003e   0x0800dd2e   0x00000002   PAD
    0x20000040   0x0800dd30   0x00000008   Data   RW           72    .data               telnet_server_uif.o
    0x20000048   0x0800dd38   0x00000008   Data   RW          205    .data               sntp.o
    0x20000050   0x0800dd40   0x00000004   Data   RW          231    .data               adc_mcbstm32c.o
    0x20000054   0x0800dd44   0x0000000c   Data   RW          276    .data               glcd_mcbstm32c.o
    0x20000060   0x0800dd50   0x00000004   Data   RW          363    .data               rtx_conf_cm.o
    0x20000064   0x0800dd54   0x00000004   Data   RW          364    .data               rtx_conf_cm.o
    0x20000068   0x0800dd58   0x00000004   Data   RW          365    .data               rtx_conf_cm.o
    0x2000006c   0x0800dd5c   0x00000004   Data   RW          422    .data               emac_stm32f10x.o
    0x20000070   0x0800dd60   0x00000002   Data   RW          508    .data               dma_stm32f10x.o
    0x20000072   0x0800dd62   0x00000002   PAD
    0x20000074   0x0800dd64   0x00000014   Data   RW          572    .data               system_stm32f10x.o
    0x20000088   0x0800dd78   0x00000008   Data   RW          628    .data               net_config.o
    0x20000090   0x0800dd80   0x00000006   Data   RW          629    .data               net_config.o
    0x20000096   0x0800dd86   0x00000002   PAD
    0x20000098   0x0800dd88   0x00000008   Data   RW          770    .data               RTX_CM3.lib(rt_cmsis.o)
    0x200000a0   0x0800dd90   0x00000001   Data   RW         1368    .data               Net_CM3_L.lib(net_arp.o)
    0x200000a1   0x0800dd91   0x00000003   PAD
    0x200000a4   0x0800dd94   0x00000008   Data   RW         1399    .data               Net_CM3_L.lib(net_loop.o)
    0x200000ac   0x0800dd9c   0x00000002   Data   RW         1431    .data               Net_CM3_L.lib(net_udp.o)
    0x200000ae   0x0800dd9e   0x00000004   Data   RW         1513    .data               Net_CM3_L.lib(net_tcp.o)
    0x200000b2   0x0800dda2   0x00000001   Data   RW         1609    .data               Net_CM3_L.lib(net_nbns_client.o)
    0x200000b3   0x0800dda3   0x00000001   PAD
    0x200000b4   0x0800dda4   0x00000006   Data   RW         1647    .data               Net_CM3_L.lib(net_telnet_server.o)
    0x200000ba   0x0800ddaa   0x00000002   PAD
    0x200000bc   0x0800ddac   0x00000008   Data   RW         1715    .data               Net_CM3_L.lib(net_sys.o)
    0x200000c4   0x0800ddb4   0x00000008   Data   RW         1811    .data               RTX_CM3.lib(rt_task.o)
    0x200000cc   0x0800ddbc   0x00000008   Data   RW         1896    .data               RTX_CM3.lib(rt_system.o)
    0x200000d4   0x0800ddc4   0x00000004   Data   RW         2190    .data               RTX_CM3.lib(rt_time.o)
    0x200000d8   0x0800ddc8   0x00000001   Data   RW         2309    .data               RTX_CM3.lib(hal_cm.o)
    0x200000d9   0x0800ddc9   0x00000001   Data   RW         2375    .data               Net_CM3_L.lib(net_ndp.o)
    0x200000da   0x0800ddca   0x00000002   PAD
    0x200000dc   0x0800ddcc   0x00000008   Data   RW         2420    .data               Net_CM3_L.lib(net_ip4.o)
    0x200000e4   0x0800ddd4   0x00000008   Data   RW         2463    .data               Net_CM3_L.lib(net_ip6.o)
    0x200000ec   0x0800dddc   0x00000008   Data   RW         2552    .data               RTX_CM3.lib(rt_robin.o)
    0x200000f4   0x0800dde4   0x00000004   Data   RW         2884    .data               mc_w.l(stdout.o)
    0x200000f8        -       0x00000010   Zero   RW            2    .bss                telnet_server.o
    0x20000108        -       0x000000a0   Zero   RW            3    .bss                telnet_server.o
    0x200001a8        -       0x00000048   Zero   RW           70    .bss                telnet_server_uif.o
    0x200001f0        -       0x00000048   Zero   RW          203    .bss                sntp.o
    0x20000238        -       0x00000020   Zero   RW          340    .bss                rtx_conf_cm.o
    0x20000258        -       0x00000178   Zero   RW          341    .bss                rtx_conf_cm.o
    0x200003d0        -       0x00000810   Zero   RW          342    .bss                rtx_conf_cm.o
    0x20000be0        -       0x00000a18   Zero   RW          343    .bss                rtx_conf_cm.o
    0x200015f8        -       0x00000084   Zero   RW          344    .bss                rtx_conf_cm.o
    0x2000167c        -       0x0000001c   Zero   RW          345    .bss                rtx_conf_cm.o
    0x20001698        -       0x0000000c   Zero   RW          391    .bss                phy_dp83848c.o
    0x200016a4        -       0x000024cc   Zero   RW          419    .bss                emac_stm32f10x.o
    0x20003b70        -       0x0000000c   Zero   RW          468    .bss                spi_stm32f10x.o
    0x20003b7c        -       0x0000001c   Zero   RW          469    .bss                spi_stm32f10x.o
    0x20003b98        -       0x00000010   Zero   RW          599    .bss                net_config.o
    0x20003ba8        -       0x00000010   Zero   RW          600    .bss                net_config.o
    0x20003bb8        -       0x00000018   Zero   RW          601    .bss                net_config.o
    0x20003bd0        -       0x00002ee0   Zero   RW          602    .bss                net_config.o
    0x20006ab0        -       0x0000008c   Zero   RW          603    .bss                net_config.o
    0x20006b3c        -       0x00000018   Zero   RW          604    .bss                net_config.o
    0x20006b54        -       0x0000008c   Zero   RW          605    .bss                net_config.o
    0x20006be0        -       0x00000064   Zero   RW          606    .bss                net_config.o
    0x20006c44        -       0x0000003c   Zero   RW          607    .bss                net_config.o
    0x20006c80        -       0x00000210   Zero   RW          608    .bss                net_config.o
    0x20006e90        -       0x00000450   Zero   RW          609    .bss                net_config.o
    0x200072e0        -       0x00000010   Zero   RW          610    .bss                net_config.o
    0x200072f0        -       0x00000010   Zero   RW          611    .bss                net_config.o
    0x20007300        -       0x00000094   Zero   RW         1317    .bss                Net_CM3_L.lib(net_eth.o)
    0x20007394        -       0x00000010   Zero   RW         1367    .bss                Net_CM3_L.lib(net_arp.o)
    0x200073a4        -       0x00000014   Zero   RW         1430    .bss                Net_CM3_L.lib(net_udp.o)
    0x200073b8        -       0x00000044   Zero   RW         1585    .bss                Net_CM3_L.lib(net_dhcp6_client.o)
    0x200073fc        -       0x00000020   Zero   RW         1687    .bss                Net_CM3_L.lib(net_ping.o)
    0x2000741c        -       0x00000034   Zero   RW         1714    .bss                Net_CM3_L.lib(net_sys.o)
    0x20007450        -       0x0000005c   Zero   RW         1764    .bss                Net_CM3_L.lib(net_addr.o)
    0x200074ac        -       0x00000034   Zero   RW         1810    .bss                RTX_CM3.lib(rt_task.o)
    0x200074e0        -       0x00000030   Zero   RW         2030    .bss                RTX_CM3.lib(rt_list.o)
    0x20007510        -       0x0000003c   Zero   RW         2374    .bss                Net_CM3_L.lib(net_ndp.o)
    0x2000754c        -       0x00000014   Zero   RW         2499    .bss                Net_CM3_L.lib(net_mem.o)
    0x20007560        -       0x00000400   Zero   RW          561    STACK               startup_stm32f10x_cl.o


==============================================================================

Image component sizes


      Code (inc. data)   RO Data    RW Data    ZI Data      Debug   Object Name

       248         18          0          4          0     246965   adc_mcbstm32c.o
       156         18         72          0          0     223641   backlight.o
       968         44          0          2          0      30577   dma_stm32f10x.o
      1852         86        148          4       9420      39734   emac_stm32f10x.o
         0          0       5392          0          0        748   glcd_fonts.o
      2876         40          0         12          0      17944   glcd_mcbstm32c.o
       508         36          0          0          0       2671   gpio_stm32f10x.o
       192          6         64          0          0       5875   led_mcbstm32c.o
       184          4        510         14      14184      24872   net_config.o
       460          8         36          0         12       8738   phy_dp83848c.o
      1064         38        728          0          0       5072   rtc.o
        28          6         84         12       5216       7450   rtx_conf_cm.o
       128         18         20          8         72       2187   sntp.o
      2214         46        132          0         40      12903   spi_stm32f10x.o
        36          8        336          0       1024        872   startup_stm32f10x_cl.o
       452         46          0         20          0       2303   system_stm32f10x.o
       764        164         52         62        176      20783   telnet_server.o
      2308        956        980          8         72       4534   telnet_server_uif.o
       108         18          0          0          0      25644   timer.o

    ----------------------------------------------------------------------
     14548       1560       8608        152      30216     683513   Object Totals
         0          0         32          0          0          0   (incl. Generated)
         2          0         22          6          0          0   (incl. Padding)

    ----------------------------------------------------------------------

      Code (inc. data)   RO Data    RW Data    ZI Data      Debug   Library Member Name

      1292         82         16          0         92       1344   net_addr.o
      1924        142          0          1         16       1120   net_arp.o
       110          6          0          0          0        284   net_common.o
      2390        130         16          0         68        824   net_dhcp6_client.o
      2316        174          6          0        148       1472   net_eth.o
       372         26          0          0          0        164   net_icmp.o
       476         32          0          0          0        252   net_icmp6.o
      1108         90          8          8          0        900   net_ip4.o
       686         78         48          8          0        648   net_ip6.o
       260         26          0          8          0        244   net_loop.o
       452         46          0          0         20        556   net_mem.o
       396         24          8          1          0        176   net_nbns_client.o
      2442        174          0          1         60       1504   net_ndp.o
       108         20         18          0         32        212   net_ping.o
       500         66          0          8         52        712   net_sys.o
      4762        166        153          4          0       2592   net_tcp.o
      2756        120          0          6          0       1392   net_telnet_server.o
       978         42          0          2         20        876   net_udp.o
       238         24          0          1          0       3312   hal_cm.o
       304         36          0          0          0        768   hal_cm3.o
      2228        240          0          8          0      51107   rt_cmsis.o
       300         24          0          0          0       3183   rt_event.o
       566         44          0          0         48       8792   rt_list.o
       554         10          0          0          0       3949   rt_mailbox.o
       140          0          0          0          0       1925   rt_membox.o
       128          0          0          0          0       2307   rt_memory.o
       352         14          0          0          0       2105   rt_mutex.o
        96         22          0          8          0       1158   rt_robin.o
       186         10          0          0          0       2902   rt_semaphore.o
       298         52          0          8          0       6223   rt_system.o
      1264        184          0          8         52      10147   rt_task.o
         6          0          0          4          0        652   rt_time.o
         4          4          0          0          0        208   svc_table.o
        56          8          0          0          0         84   __0sscanf.o
        28          0          0          0          0         68   _chval.o
       812          4          0          0          0        112   _scanf.o
       332          0          0          0          0         96   _scanf_int.o
        64          0          0          0          0         84   _sgetc.o
        40          6         64          0          0         68   ctype_c.o
         0          0          0          0          0          0   entry.o
         0          0          0          0          0          0   entry10a.o
         0          0          0          0          0          0   entry11a.o
         8          4          0          0          0          0   entry2.o
         4          0          0          0          0          0   entry5.o
         0          0          0          0          0          0   entry7b.o
         0          0          0          0          0          0   entry8b.o
        18          0          0          0          0         80   fputc.o
        30          0          0          0          0          0   handlers.o
        36          8          0          0          0         68   init.o
        10          0          0          0          0         68   isspace_c.o
         0          0          0          0          0          0   iusesemip.o
        30          0          0          0          0         68   llshl.o
        32          0          0          0          0         68   llushr.o
        26          0          0          0          0         80   memcmp.o
        64          0          0          0          0         76   memmovea.o
        36          0          0          0          0        108   memseta.o
      1204         60          0          0          0        504   printf8.o
        40          8          0          0          0         84   scanf_char.o
         0          0          0          0          0          0   semi.o
         0          0          0          4          0          0   stdout.o
        28          0          0          0          0         76   strcmp.o
        14          0          0          0          0         68   strlen.o
        98          0          0          0          0         92   uldiv.o

    ----------------------------------------------------------------------
     33060       2206        344         96        608     115962   Library Totals
        58          0          7          8          0          0   (incl. Padding)

    ----------------------------------------------------------------------

      Code (inc. data)   RO Data    RW Data    ZI Data      Debug   Library Name

     23328       1444        273         47        508      15272   Net_CM3_L.lib
      6664        664          0         37        100      98738   RTX_CM3.lib
      3010         98         64          4          0       1952   mc_w.l

    ----------------------------------------------------------------------
     33060       2206        344         96        608     115962   Library Totals

    ----------------------------------------------------------------------

==============================================================================


      Code (inc. data)   RO Data    RW Data    ZI Data      Debug   

     47608       3766       8952        248      30824     780907   Grand Totals
     47608       3766       8952        248      30824     780907   ELF Image Totals
     47608       3766       8952        248          0          0   ROM Totals

==============================================================================

    Total RO  Size (Code + RO Data)                56560 (  55.23kB)
    Total RW  Size (RW Data + ZI Data)             31072 (  30.34kB)
    Total ROM Size (Code + RO Data + RW Data)      56808 (  55.48kB)

==============================================================================

