<html>
<body>
<pre>
<h1>µVision Build Log</h1>
<h2>Tool Versions:</h2>
IDE-Version: µVision V5.24.2.0
Copyright (C) 2017 ARM Ltd and ARM Germany GmbH. All rights reserved.
License Information: Steffen Thomsen, Mercantec, LIC=HF858-025CL-DKK1M-VZBEZ-91JP1-C5L1T
 
Tool Versions:
Toolchain:       MDK-ARM Professional: 10 user  Version: 5.24.1
Toolchain Path:  C:\Keil_v5\ARM\ARMCC\Bin
C Compiler:      Armcc.exe V5.06 update 5 (build 528)
Assembler:       Armasm.exe V5.06 update 5 (build 528)
Linker/Locator:  ArmLink.exe V5.06 update 5 (build 528)
Library Manager: ArmAr.exe V5.06 update 5 (build 528)
Hex Converter:   FromElf.exe V5.06 update 5 (build 528)
CPU DLL:         SARMCM3.DLL V5.24.1
Dialog DLL:      DCM.DLL V1.16.0.0
Target DLL:      UL2CM3.DLL V1.160.3.0
Dialog DLL:      TCM.DLL V1.32.0.0
 
<h2>Project:</h2>
C:\Users\54409\OneDrive - Grundfos\embedded_II\Telnet\Boards\Keil\MCBSTM32C\Middleware\NetworkDS\Telnet_Server\Telnet_Server.uvprojx
Project File Date:  10/09/2017

<h2>Output:</h2>
*** Using Compiler 'V5.06 update 5 (build 528)', folder: 'C:\Keil_v5\ARM\ARMCC\Bin'
Rebuild target 'STM32F107 Flash'
compiling sntp.c...
sntp.c(31): warning:  #1134-D: literal treated as "long long"
  	sec -= 2208988800;
sntp.c(39): warning:  #177-D: variable "buf"  was declared but never referenced
  	uint8_t *buf;
sntp.c: 2 warnings, 0 errors
compiling Telnet_Server.c...
Timer.h(1): warning:  #1295-D: Deprecated declaration timer_init - give arg types
  extern void timer_init();
Telnet_Server.c(189): warning:  #167-D: argument of type "uint32_t (*)(int32_t, const NET_ADDR *, const struct SNTPstruct *, uint32_t)" is incompatible with parameter of type "netUDP_cb_t"
    udp_sock = netUDP_GetSocket (udp_cb_func);
Telnet_Server.c: 2 warnings, 0 errors
compiling rtc.c...
compiling Telnet_Server_UIF.c...
Telnet_Server_UIF.c(100): warning:  #940-D: missing return statement at end of non-void function "findn" 
  }
Telnet_Server_UIF.c: 1 warning, 0 errors
compiling GLCD_Fonts.c...
compiling RTX_Conf_CM.c...
compiling PHY_DP83848C.c...
compiling ADC_MCBSTM32C.c...
compiling Backlight.c...
compiling Timer.c...
compiling LED_MCBSTM32C.c...
assembling startup_stm32f10x_cl.s...
compiling GLCD_MCBSTM32C.c...
compiling DMA_STM32F10x.c...
compiling Net_Config.c...
compiling GPIO_STM32F10x.c...
compiling EMAC_STM32F10x.c...
compiling SPI_STM32F10x.c...
compiling system_stm32f10x.c...
linking...
Program Size: Code=47608 RO-data=8952 RW-data=248 ZI-data=30824  
".\Output\Telnet_Server.axf" - 0 Error(s), 5 Warning(s).

<h2>Software Packages used:</h2>

Package Vendor: ARM
                http://www.keil.com/pack/ARM.CMSIS.5.0.1.pack
                ARM.CMSIS.5.0.1
                CMSIS (Cortex Microcontroller Software Interface Standard)
   * Component: Keil RTX Version: 4.81.0
   * Component: CORE Version: 5.0.1
   * Component: RTOS Version: 1.0.0
   * Component: SPI Version: 2.2.0
   * Component: Ethernet PHY Version: 2.1.0
   * Component: Ethernet MAC Version: 2.1.0

Package Vendor: Keil
                http://www.keil.com/pack/Keil.MDK-Middleware.7.4.1.pack
                Keil.MDK-Middleware.7.4.1
                Middleware for Keil MDK-Professional and MDK-Plus
   * Component: DP83848C Version: 6.2.0
   * Component: UDP Version: 7.5.0
   * Component: TCP Version: 7.5.0
   * Component: Telnet Server Version: 7.5.0
   * Component: ETH Version: 7.5.0
   * Component: CORE Variant: IPv4/IPv6 Release Version: 7.5.0
   * Component: LED Version: 1.0.0
   * Component: Graphic LCD Version: 1.0.0
   * Component: A/D Converter Version: 1.0.0

Package Vendor: Keil
                http://www.keil.com/pack/Keil.STM32F1xx_DFP.2.2.0.pack
                Keil.STM32F1xx_DFP.2.2.0
                STMicroelectronics STM32F1 Series Device Support, Drivers and Examples
   * Component: Startup Version: 1.0.0
   * Component: GPIO Version: 1.3
   * Component: DMA Version: 1.2
   * Component: SPI Version: 2.2
   * Component: Ethernet MAC Version: 2.1
   * Component: LED Version: 2.0.0
   * Component: Graphic LCD Version: 2.0.0
   * Component: A/D Converter Version: 2.0.0

<h2>Collection of Component include folders:</h2>
  .\RTE\Device\STM32F107VC
  .\RTE\_STM32F107_Flash
  C:\Keil_v5\ARM\PACK\ARM\CMSIS\5.0.1\CMSIS\Driver\Include
  C:\Keil_v5\ARM\PACK\ARM\CMSIS\5.0.1\CMSIS\Include
  C:\Keil_v5\ARM\PACK\ARM\CMSIS\5.0.1\CMSIS\RTOS\RTX\INC
  C:\Keil_v5\ARM\PACK\Keil\MDK-Middleware\7.4.1\Board
  C:\Keil_v5\ARM\PACK\Keil\MDK-Middleware\7.4.1\Network\Include
  C:\Keil_v5\ARM\PACK\Keil\STM32F1xx_DFP\2.2.0\Boards\Keil\MCBSTM32C\Common
  C:\Keil_v5\ARM\PACK\Keil\STM32F1xx_DFP\2.2.0\Device\Include
  C:\Keil_v5\ARM\PACK\Keil\STM32F1xx_DFP\2.2.0\RTE_Driver

<h2>Collection of Component Files used:</h2>

   * Component: Keil::Device:Startup:1.0.0
      Source file:   Device\Source\system_stm32f10x.c
      Include file:  RTE_Driver\Config\RTE_Device.h
      Source file:   Device\Source\ARM\STM32F1xx_OPT.s
      Source file:   Device\Source\ARM\startup_stm32f10x_cl.s

   * Component: Keil::Device:GPIO:1.3
      Include file:  RTE_Driver\GPIO_STM32F10x.h
      Source file:   RTE_Driver\GPIO_STM32F10x.c

   * Component: Keil::Device:DMA:1.2
      Source file:   RTE_Driver\DMA_STM32F10x.c
      Include file:  RTE_Driver\DMA_STM32F10x.h

   * Component: Keil::CMSIS Driver:SPI:2.2
      Source file:   RTE_Driver\SPI_STM32F10x.c

   * Component: Keil::CMSIS Driver:Ethernet PHY:DP83848C:6.2.0
      Source file:   Network\Driver\PHY_DP83848C.c

   * Component: Keil::CMSIS Driver:Ethernet MAC:2.1
      Source file:   RTE_Driver\EMAC_STM32F10x.c

   * Component: Keil.MDK-Pro::Network:Socket:UDP:7.5.0
      Source file:   Network\Config\Net_Config_UDP.h
      Source file:   Network\Template\UDP_Socket.c

   * Component: Keil.MDK-Pro::Network:Socket:TCP:7.5.0
      Source file:   Network\Config\Net_Config_TCP.h
      Source file:   Network\Template\TCP_Socket_Client.c
      Source file:   Network\Template\TCP_Socket_Server.c

   * Component: Keil.MDK-Pro::Network:Service:Telnet Server:7.5.0
      Source file:   Network\Template\Telnet_Server_Access.c
      Source file:   Network\Template\Telnet_Server_Multiuser.c
      Source file:   Network\Template\Telnet_Server_UIF.c
      Source file:   Network\Config\Net_Config_Telnet_Server.h

   * Component: Keil.MDK-Pro::Network:Interface:ETH:7.5.0
      Source file:   Network\Config\Net_Config_ETH.h

   * Component: Keil.MDK-Pro::Network:CORE:IPv4/IPv6 Release:7.5.0
      Source file:   Network\Config\Net_Config.c
      Library file:  Network\Lib\ARM\Net_CM3_L.lib
      Include file:  Network\Include\rl_net.h

   * Component: Keil.MCBSTM32C::Board Support:LED:2.0.0
      Source file:   Boards\Keil\MCBSTM32C\Common\LED_MCBSTM32C.c

   * Component: Keil.MCBSTM32C::Board Support:Graphic LCD:2.0.0
      Include file:  Boards\Keil\MCBSTM32C\Common\GLCD_Config.h
      Source file:   Boards\Keil\MCBSTM32C\Common\GLCD_MCBSTM32C.c
      Source file:   Boards\Keil\MCBSTM32C\Common\GLCD_Fonts.c

   * Component: Keil.MCBSTM32C::Board Support:A/D Converter:2.0.0
      Source file:   Boards\Keil\MCBSTM32C\Common\ADC_MCBSTM32C.c

   * Component: ARM::CMSIS:RTOS:Keil RTX:4.81.0
      Source file:   CMSIS\RTOS\RTX\UserCodeTemplates\MsgQueue.c
      Source file:   CMSIS\RTOS\RTX\UserCodeTemplates\Mutex.c
      Source file:   CMSIS\RTOS\RTX\UserCodeTemplates\Semaphore.c
      Include file:  CMSIS\RTOS\RTX\UserCodeTemplates\osObjects.h
      Include file:  CMSIS\RTOS\RTX\INC\cmsis_os.h
      Source file:   CMSIS\RTOS\RTX\Templates\RTX_Conf_CM.c
      Source file:   CMSIS\RTOS\RTX\UserCodeTemplates\main.c
      Source file:   CMSIS\RTOS\RTX\UserCodeTemplates\MailQueue.c
      Source file:   CMSIS\RTOS\RTX\UserCodeTemplates\MemPool.c
      Source file:   CMSIS\RTOS\RTX\UserCodeTemplates\Timer.c
      Library file:  CMSIS\RTOS\RTX\LIB\ARM\RTX_CM3.lib
      Source file:   CMSIS\RTOS\RTX\UserCodeTemplates\Thread.c
      Source file:   CMSIS\RTOS\RTX\SRC\ARM\SVC_Table.s

   * Component: ARM::CMSIS:CORE:5.0.1

   * Component: ::CMSIS:RTOS:1.0.0 (API)

   * Component: ::CMSIS Driver:SPI:2.2.0 (API)
      Include file:  CMSIS\Driver\Include\Driver_SPI.h

   * Component: ::CMSIS Driver:Ethernet PHY:2.1.0 (API)
      Include file:  CMSIS\Driver\Include\Driver_ETH_PHY.h

   * Component: ::CMSIS Driver:Ethernet MAC:2.1.0 (API)
      Include file:  CMSIS\Driver\Include\Driver_ETH_MAC.h

   * Component: ::Board Support:LED:1.0.0 (API)
      Include file:  Board\Board_LED.h

   * Component: ::Board Support:Graphic LCD:1.0.0 (API)
      Include file:  Board\Board_GLCD.h

   * Component: ::Board Support:A/D Converter:1.0.0 (API)
      Include file:  Board\Board_ADC.h
Build Time Elapsed:  00:00:02
</pre>
</body>
</html>
